Archive member included to satisfy reference by file (symbol)

c:/ac6/systemworkbench/plugins/fr.ac6.mcu.externaltools.arm-none.win32_1.15.0.201708311556/tools/compiler/bin/../lib/gcc/arm-none-eabi/6.3.1/../../../../arm-none-eabi/lib/thumb/v7-m\libc_nano.a(lib_a-exit.o)
                              c:/ac6/systemworkbench/plugins/fr.ac6.mcu.externaltools.arm-none.win32_1.15.0.201708311556/tools/compiler/bin/../lib/gcc/arm-none-eabi/6.3.1/../../../../arm-none-eabi/lib/thumb/v7-m/crt0.o (exit)
c:/ac6/systemworkbench/plugins/fr.ac6.mcu.externaltools.arm-none.win32_1.15.0.201708311556/tools/compiler/bin/../lib/gcc/arm-none-eabi/6.3.1/../../../../arm-none-eabi/lib/thumb/v7-m\libc_nano.a(lib_a-impure.o)
                              c:/ac6/systemworkbench/plugins/fr.ac6.mcu.externaltools.arm-none.win32_1.15.0.201708311556/tools/compiler/bin/../lib/gcc/arm-none-eabi/6.3.1/../../../../arm-none-eabi/lib/thumb/v7-m\libc_nano.a(lib_a-exit.o) (_global_impure_ptr)
c:/ac6/systemworkbench/plugins/fr.ac6.mcu.externaltools.arm-none.win32_1.15.0.201708311556/tools/compiler/bin/../lib/gcc/arm-none-eabi/6.3.1/../../../../arm-none-eabi/lib/thumb/v7-m\libc_nano.a(lib_a-init.o)
                              c:/ac6/systemworkbench/plugins/fr.ac6.mcu.externaltools.arm-none.win32_1.15.0.201708311556/tools/compiler/bin/../lib/gcc/arm-none-eabi/6.3.1/../../../../arm-none-eabi/lib/thumb/v7-m/crt0.o (__libc_init_array)
c:/ac6/systemworkbench/plugins/fr.ac6.mcu.externaltools.arm-none.win32_1.15.0.201708311556/tools/compiler/bin/../lib/gcc/arm-none-eabi/6.3.1/../../../../arm-none-eabi/lib/thumb/v7-m\libc_nano.a(lib_a-memset.o)
                              c:/ac6/systemworkbench/plugins/fr.ac6.mcu.externaltools.arm-none.win32_1.15.0.201708311556/tools/compiler/bin/../lib/gcc/arm-none-eabi/6.3.1/../../../../arm-none-eabi/lib/thumb/v7-m/crt0.o (memset)
c:/ac6/systemworkbench/plugins/fr.ac6.mcu.externaltools.arm-none.win32_1.15.0.201708311556/tools/compiler/bin/../lib/gcc/arm-none-eabi/6.3.1/../../../../arm-none-eabi/lib/thumb/v7-m\libnosys.a(_exit.o)
                              c:/ac6/systemworkbench/plugins/fr.ac6.mcu.externaltools.arm-none.win32_1.15.0.201708311556/tools/compiler/bin/../lib/gcc/arm-none-eabi/6.3.1/../../../../arm-none-eabi/lib/thumb/v7-m\libc_nano.a(lib_a-exit.o) (_exit)

Allocating common symbols
Common symbol       size              file

Modbus_Counter_DMA_Tx_index
                    0x1               Src/Modbus.o
Modbus_Buffor_Tab   0x14              Src/Modbus.o
DHCP_CHADDR         0x6               Src/dhcp.o
hspi2               0x58              Src/spi.o
huart3              0x40              Src/usart.o
gDATABUFDHCP        0x800             Src/WIZ5500.o
hi2c1               0x3c              Src/i2c.o
hi2c2               0x3c              Src/i2c.o
Modbus_Flaga_DMA_Rx
                    0x1               Src/Modbus.o
ModbusTCP           0xa0              Src/main.o
pFlash              0x20              Drivers/STM32F1xx_HAL_Driver/Src/stm32f1xx_hal_flash.o
Modbus_Counter_DMA_Tx
                    0x1               Src/Modbus.o
hdma_usart1_tx      0x38              Src/usart.o
DHCP_XID            0x4               Src/dhcp.o
hdma_usart1_rx      0x38              Src/usart.o
DHCP_SIP            0x4               Src/dhcp.o
huart1              0x40              Src/usart.o
WIZ_SPI_DATA_RECESIVE
                    0xa               Src/WIZ5500.o
Main_WIZ5500        0x12              Src/WIZ5500.o
Modbus_Buffor_Temp  0x1               Src/Modbus.o
pDHCPMSG            0x4               Src/dhcp.o
hspi1               0x58              Src/spi.o
WIZ_SPI_DATA_SEND   0x32              Src/WIZ5500.o
huart2              0x40              Src/usart.o
Modbus_index        0x1               Src/Modbus.o
DHCP_SOCKET         0x1               Src/dhcp.o

Discarded input sections

 .text          0x00000000        0x0 c:/ac6/systemworkbench/plugins/fr.ac6.mcu.externaltools.arm-none.win32_1.15.0.201708311556/tools/compiler/bin/../lib/gcc/arm-none-eabi/6.3.1/thumb/v7-m/crti.o
 .data          0x00000000        0x0 c:/ac6/systemworkbench/plugins/fr.ac6.mcu.externaltools.arm-none.win32_1.15.0.201708311556/tools/compiler/bin/../lib/gcc/arm-none-eabi/6.3.1/thumb/v7-m/crti.o
 .bss           0x00000000        0x0 c:/ac6/systemworkbench/plugins/fr.ac6.mcu.externaltools.arm-none.win32_1.15.0.201708311556/tools/compiler/bin/../lib/gcc/arm-none-eabi/6.3.1/thumb/v7-m/crti.o
 .data          0x00000000        0x4 c:/ac6/systemworkbench/plugins/fr.ac6.mcu.externaltools.arm-none.win32_1.15.0.201708311556/tools/compiler/bin/../lib/gcc/arm-none-eabi/6.3.1/thumb/v7-m/crtbegin.o
 .text          0x00000000       0x74 c:/ac6/systemworkbench/plugins/fr.ac6.mcu.externaltools.arm-none.win32_1.15.0.201708311556/tools/compiler/bin/../lib/gcc/arm-none-eabi/6.3.1/../../../../arm-none-eabi/lib/thumb/v7-m/crt0.o
[...]
Memory Configuration

Name             Origin             Length             Attributes
RAM              0x20000000         0x00010000         xrw
FLASH            0x08000000         0x00080000         xr
*default*        0x00000000         0xffffffff

Linker script and memory map

LOAD c:/ac6/systemworkbench/plugins/fr.ac6.mcu.externaltools.arm-none.win32_1.15.0.201708311556/tools/compiler/bin/../lib/gcc/arm-none-eabi/6.3.1/thumb/v7-m/crti.o
LOAD c:/ac6/systemworkbench/plugins/fr.ac6.mcu.externaltools.arm-none.win32_1.15.0.201708311556/tools/compiler/bin/../lib/gcc/arm-none-eabi/6.3.1/thumb/v7-m/crtbegin.o
LOAD c:/ac6/systemworkbench/plugins/fr.ac6.mcu.externaltools.arm-none.win32_1.15.0.201708311556/tools/compiler/bin/../lib/gcc/arm-none-eabi/6.3.1/../../../../arm-none-eabi/lib/thumb/v7-m/crt0.o
LOAD Drivers/STM32F1xx_HAL_Driver/Src/stm32f1xx_hal.o
LOAD Drivers/STM32F1xx_HAL_Driver/Src/stm32f1xx_hal_cortex.o
LOAD Drivers/STM32F1xx_HAL_Driver/Src/stm32f1xx_hal_dma.o
LOAD Drivers/STM32F1xx_HAL_Driver/Src/stm32f1xx_hal_flash.o
LOAD Drivers/STM32F1xx_HAL_Driver/Src/stm32f1xx_hal_flash_ex.o
LOAD Drivers/STM32F1xx_HAL_Driver/Src/stm32f1xx_hal_gpio.o
LOAD Drivers/STM32F1xx_HAL_Driver/Src/stm32f1xx_hal_gpio_ex.o
LOAD Drivers/STM32F1xx_HAL_Driver/Src/stm32f1xx_hal_i2c.o
LOAD Drivers/STM32F1xx_HAL_Driver/Src/stm32f1xx_hal_pwr.o
LOAD Drivers/STM32F1xx_HAL_Driver/Src/stm32f1xx_hal_rcc.o
LOAD Drivers/STM32F1xx_HAL_Driver/Src/stm32f1xx_hal_rcc_ex.o
LOAD Drivers/STM32F1xx_HAL_Driver/Src/stm32f1xx_hal_spi.o
LOAD Drivers/STM32F1xx_HAL_Driver/Src/stm32f1xx_hal_spi_ex.o
LOAD Drivers/STM32F1xx_HAL_Driver/Src/stm32f1xx_hal_tim.o
LOAD Drivers/STM32F1xx_HAL_Driver/Src/stm32f1xx_hal_tim_ex.o
LOAD Drivers/STM32F1xx_HAL_Driver/Src/stm32f1xx_hal_uart.o
LOAD Src/Modbus.o
LOAD Src/ModbusTCP_IP.o
LOAD Src/WIZ5500.o
LOAD Src/dhcp.o
LOAD Src/dma.o
LOAD Src/gpio.o
LOAD Src/i2c.o
LOAD Src/main.o
LOAD Src/socket.o
LOAD Src/spi.o
LOAD Src/stm32f1xx_hal_msp.o
LOAD Src/stm32f1xx_it.o
LOAD Src/system_stm32f1xx.o
LOAD Src/usart.o
LOAD Src/w5500.o
LOAD Src/wizchip_conf.o
LOAD startup/startup_stm32f103xe.o
LOAD c:/ac6/systemworkbench/plugins/fr.ac6.mcu.externaltools.arm-none.win32_1.15.0.201708311556/tools/compiler/bin/../lib/gcc/arm-none-eabi/6.3.1/../../../../arm-none-eabi/lib/thumb/v7-m\libm.a
START GROUP
LOAD c:/ac6/systemworkbench/plugins/fr.ac6.mcu.externaltools.arm-none.win32_1.15.0.201708311556/tools/compiler/bin/../lib/gcc/arm-none-eabi/6.3.1/thumb/v7-m\libgcc.a
LOAD c:/ac6/systemworkbench/plugins/fr.ac6.mcu.externaltools.arm-none.win32_1.15.0.201708311556/tools/compiler/bin/../lib/gcc/arm-none-eabi/6.3.1/../../../../arm-none-eabi/lib/thumb/v7-m\libc_nano.a
END GROUP
START GROUP
LOAD c:/ac6/systemworkbench/plugins/fr.ac6.mcu.externaltools.arm-none.win32_1.15.0.201708311556/tools/compiler/bin/../lib/gcc/arm-none-eabi/6.3.1/thumb/v7-m\libgcc.a
LOAD c:/ac6/systemworkbench/plugins/fr.ac6.mcu.externaltools.arm-none.win32_1.15.0.201708311556/tools/compiler/bin/../lib/gcc/arm-none-eabi/6.3.1/../../../../arm-none-eabi/lib/thumb/v7-m\libc_nano.a
LOAD c:/ac6/systemworkbench/plugins/fr.ac6.mcu.externaltools.arm-none.win32_1.15.0.201708311556/tools/compiler/bin/../lib/gcc/arm-none-eabi/6.3.1/../../../../arm-none-eabi/lib/thumb/v7-m\libnosys.a
END GROUP
START GROUP
LOAD c:/ac6/systemworkbench/plugins/fr.ac6.mcu.externaltools.arm-none.win32_1.15.0.201708311556/tools/compiler/bin/../lib/gcc/arm-none-eabi/6.3.1/thumb/v7-m\libgcc.a
LOAD c:/ac6/systemworkbench/plugins/fr.ac6.mcu.externaltools.arm-none.win32_1.15.0.201708311556/tools/compiler/bin/../lib/gcc/arm-none-eabi/6.3.1/../../../../arm-none-eabi/lib/thumb/v7-m\libc_nano.a
LOAD c:/ac6/systemworkbench/plugins/fr.ac6.mcu.externaltools.arm-none.win32_1.15.0.201708311556/tools/compiler/bin/../lib/gcc/arm-none-eabi/6.3.1/../../../../arm-none-eabi/lib/thumb/v7-m\libnosys.a
END GROUP
LOAD c:/ac6/systemworkbench/plugins/fr.ac6.mcu.externaltools.arm-none.win32_1.15.0.201708311556/tools/compiler/bin/../lib/gcc/arm-none-eabi/6.3.1/thumb/v7-m/crtend.o
LOAD c:/ac6/systemworkbench/plugins/fr.ac6.mcu.externaltools.arm-none.win32_1.15.0.201708311556/tools/compiler/bin/../lib/gcc/arm-none-eabi/6.3.1/thumb/v7-m/crtn.o
                0x20010000                _estack = 0x20010000
                0x00000200                _Min_Heap_Size = 0x200
                0x00000400                _Min_Stack_Size = 0x400

.isr_vector     0x08000000      0x1e4
                0x08000000                . = ALIGN (0x4)
 *(.isr_vector)
 .isr_vector    0x08000000      0x1e4 startup/startup_stm32f103xe.o
                0x08000000                g_pfnVectors
                0x080001e4                . = ALIGN (0x4)

.text           0x080001e4     0x4c78
                0x080001e4                . = ALIGN (0x4)
 *(.text)
 .text          0x080001e4       0x6c c:/ac6/systemworkbench/plugins/fr.ac6.mcu.externaltools.arm-none.win32_1.15.0.201708311556/tools/compiler/bin/../lib/gcc/arm-none-eabi/6.3.1/thumb/v7-m/crtbegin.o
 *(.text*)
 .text.HAL_InitTick
                0x08000250       0x28 Drivers/STM32F1xx_HAL_Driver/Src/stm32f1xx_hal.o
                0x08000250                HAL_InitTick
 .text.HAL_Init
                0x08000278       0x24 Drivers/STM32F1xx_HAL_Driver/Src/stm32f1xx_hal.o
                0x08000278                HAL_Init
 .text.HAL_IncTick
                0x0800029c       0x10 Drivers/STM32F1xx_HAL_Driver/Src/stm32f1xx_hal.o
                0x0800029c                HAL_IncTick
 .text.HAL_GetTick
                0x080002ac        0xc Drivers/STM32F1xx_HAL_Driver/Src/stm32f1xx_hal.o
                0x080002ac                HAL_GetTick
 .text.HAL_Delay
                0x080002b8       0x1c Drivers/STM32F1xx_HAL_Driver/Src/stm32f1xx_hal.o
                0x080002b8                HAL_Delay
 .text.HAL_NVIC_SetPriorityGrouping
                0x080002d4       0x24 Drivers/STM32F1xx_HAL_Driver/Src/stm32f1xx_hal_cortex.o
                0x080002d4                HAL_NVIC_SetPriorityGrouping
 .text.HAL_NVIC_SetPriority
                0x080002f8       0x64 Drivers/STM32F1xx_HAL_Driver/Src/stm32f1xx_hal_cortex.o
                0x080002f8                HAL_NVIC_SetPriority
 .text.HAL_NVIC_EnableIRQ
                0x0800035c       0x18 Drivers/STM32F1xx_HAL_Driver/Src/stm32f1xx_hal_cortex.o
                0x0800035c                HAL_NVIC_EnableIRQ
 .text.HAL_SYSTICK_Config
                0x08000374       0x2c Drivers/STM32F1xx_HAL_Driver/Src/stm32f1xx_hal_cortex.o
                0x08000374                HAL_SYSTICK_Config
 .text.HAL_SYSTICK_CLKSourceConfig
                0x080003a0       0x20 Drivers/STM32F1xx_HAL_Driver/Src/stm32f1xx_hal_cortex.o
                0x080003a0                HAL_SYSTICK_CLKSourceConfig
 .text.HAL_SYSTICK_Callback
                0x080003c0        0x2 Drivers/STM32F1xx_HAL_Driver/Src/stm32f1xx_hal_cortex.o
                0x080003c0                HAL_SYSTICK_Callback
 .text.HAL_SYSTICK_IRQHandler
                0x080003c2        0x8 Drivers/STM32F1xx_HAL_Driver/Src/stm32f1xx_hal_cortex.o
                0x080003c2                HAL_SYSTICK_IRQHandler
 .text.HAL_DMA_Init
                0x080003ca       0x52 Drivers/STM32F1xx_HAL_Driver/Src/stm32f1xx_hal_dma.o
                0x080003ca                HAL_DMA_Init
 .text.HAL_DMA_IRQHandler
                0x0800041c      0x7a4 Drivers/STM32F1xx_HAL_Driver/Src/stm32f1xx_hal_dma.o
                0x0800041c                HAL_DMA_IRQHandler
 .text.HAL_GPIO_Init
                0x08000bc0      0x1fc Drivers/STM32F1xx_HAL_Driver/Src/stm32f1xx_hal_gpio.o
                0x08000bc0                HAL_GPIO_Init
 .text.HAL_GPIO_WritePin
                0x08000dbc        0xc Drivers/STM32F1xx_HAL_Driver/Src/stm32f1xx_hal_gpio.o
                0x08000dbc                HAL_GPIO_WritePin
 .text.HAL_GPIO_EXTI_IRQHandler
                0x08000dc8       0x1c Drivers/STM32F1xx_HAL_Driver/Src/stm32f1xx_hal_gpio.o
                0x08000dc8                HAL_GPIO_EXTI_IRQHandler
 .text.I2C_Configure_Speed
                0x08000de4       0x4c Drivers/STM32F1xx_HAL_Driver/Src/stm32f1xx_hal_i2c.o
 .text.HAL_I2C_Init
                0x08000e30       0xb0 Drivers/STM32F1xx_HAL_Driver/Src/stm32f1xx_hal_i2c.o
                0x08000e30                HAL_I2C_Init
 .text.HAL_RCC_OscConfig
                0x08000ee0      0x5e0 Drivers/STM32F1xx_HAL_Driver/Src/stm32f1xx_hal_rcc.o
                0x08000ee0                HAL_RCC_OscConfig
 .text.HAL_RCC_EnableCSS
                0x080014c0       0x1c Drivers/STM32F1xx_HAL_Driver/Src/stm32f1xx_hal_rcc.o
                0x080014c0                HAL_RCC_EnableCSS
 .text.HAL_RCC_GetSysClockFreq
                0x080014dc       0x98 Drivers/STM32F1xx_HAL_Driver/Src/stm32f1xx_hal_rcc.o
                0x080014dc                HAL_RCC_GetSysClockFreq
 .text.HAL_RCC_ClockConfig
                0x08001574      0x1d4 Drivers/STM32F1xx_HAL_Driver/Src/stm32f1xx_hal_rcc.o
                0x08001574                HAL_RCC_ClockConfig
 .text.HAL_RCC_GetHCLKFreq
                0x08001748        0xc Drivers/STM32F1xx_HAL_Driver/Src/stm32f1xx_hal_rcc.o
                0x08001748                HAL_RCC_GetHCLKFreq
 .text.HAL_RCC_GetPCLK1Freq
                0x08001754       0x2c Drivers/STM32F1xx_HAL_Driver/Src/stm32f1xx_hal_rcc.o
                0x08001754                HAL_RCC_GetPCLK1Freq
 .text.HAL_RCC_GetPCLK2Freq
                0x08001780       0x2c Drivers/STM32F1xx_HAL_Driver/Src/stm32f1xx_hal_rcc.o
                0x08001780                HAL_RCC_GetPCLK2Freq
 .text.HAL_RCC_CSSCallback
                0x080017ac        0x2 Drivers/STM32F1xx_HAL_Driver/Src/stm32f1xx_hal_rcc.o
                0x080017ac                HAL_RCC_CSSCallback
 *fill*         0x080017ae        0x2 
 .text.HAL_RCC_NMI_IRQHandler
                0x080017b0       0x24 Drivers/STM32F1xx_HAL_Driver/Src/stm32f1xx_hal_rcc.o
                0x080017b0                HAL_RCC_NMI_IRQHandler
 .text.SPI_WaitOnFlagUntilTimeout
                0x080017d4       0xe4 Drivers/STM32F1xx_HAL_Driver/Src/stm32f1xx_hal_spi.o
 .text.HAL_SPI_Transmit
                0x080018b8      0x1ba Drivers/STM32F1xx_HAL_Driver/Src/stm32f1xx_hal_spi.o
                0x080018b8                HAL_SPI_Transmit
 .text.HAL_SPI_TransmitReceive
                0x08001a72      0x34c Drivers/STM32F1xx_HAL_Driver/Src/stm32f1xx_hal_spi.o
                0x08001a72                HAL_SPI_TransmitReceive
 .text.HAL_SPI_Receive
                0x08001dbe      0x23e Drivers/STM32F1xx_HAL_Driver/Src/stm32f1xx_hal_spi.o
                0x08001dbe                HAL_SPI_Receive
 .text.HAL_SPI_Init
                0x08001ffc       0x88 Drivers/STM32F1xx_HAL_Driver/Src/stm32f1xx_hal_spi_ex.o
                0x08001ffc                HAL_SPI_Init
 .text.SPI_ISCRCErrorValid
                0x08002084       0x2c Drivers/STM32F1xx_HAL_Driver/Src/stm32f1xx_hal_spi_ex.o
                0x08002084                SPI_ISCRCErrorValid
 .text.UART_Transmit_IT
                0x080020b0       0x6c Drivers/STM32F1xx_HAL_Driver/Src/stm32f1xx_hal_uart.o
 .text.UART_SetConfig
                0x0800211c      0x1b0 Drivers/STM32F1xx_HAL_Driver/Src/stm32f1xx_hal_uart.o
 .text.UART_WaitOnFlagUntilTimeout
                0x080022cc       0xd0 Drivers/STM32F1xx_HAL_Driver/Src/stm32f1xx_hal_uart.o
 .text.HAL_UART_Init
                0x0800239c       0x5a Drivers/STM32F1xx_HAL_Driver/Src/stm32f1xx_hal_uart.o
                0x0800239c                HAL_UART_Init
 .text.HAL_UART_Transmit
                0x080023f6       0xe8 Drivers/STM32F1xx_HAL_Driver/Src/stm32f1xx_hal_uart.o
                0x080023f6                HAL_UART_Transmit
 .text.HAL_UART_TxCpltCallback
                0x080024de        0x2 Drivers/STM32F1xx_HAL_Driver/Src/stm32f1xx_hal_uart.o
                0x080024de                HAL_UART_TxCpltCallback
 .text.UART_EndTransmit_IT
                0x080024e0       0x2c Drivers/STM32F1xx_HAL_Driver/Src/stm32f1xx_hal_uart.o
 .text.HAL_UART_RxCpltCallback
                0x0800250c        0x2 Drivers/STM32F1xx_HAL_Driver/Src/stm32f1xx_hal_uart.o
                0x0800250c                HAL_UART_RxCpltCallback
 .text.UART_Receive_IT
                0x0800250e       0xb6 Drivers/STM32F1xx_HAL_Driver/Src/stm32f1xx_hal_uart.o
 .text.HAL_UART_ErrorCallback
                0x080025c4        0x2 Drivers/STM32F1xx_HAL_Driver/Src/stm32f1xx_hal_uart.o
                0x080025c4                HAL_UART_ErrorCallback
 .text.HAL_UART_IRQHandler
                0x080025c6       0xca Drivers/STM32F1xx_HAL_Driver/Src/stm32f1xx_hal_uart.o
                0x080025c6                HAL_UART_IRQHandler
 .text.WIZ5500_Init
                0x08002690       0xb0 Src/WIZ5500.o
                0x08002690                WIZ5500_Init
 .text.default_ip_assign
                0x08002740       0x30 Src/dhcp.o
                0x08002740                default_ip_assign
 .text.default_ip_update
                0x08002770       0x28 Src/dhcp.o
                0x08002770                default_ip_update
 .text.default_ip_conflict
                0x08002798       0x24 Src/dhcp.o
                0x08002798                default_ip_conflict
 .text.makeDHCPMSG
                0x080027bc       0xe8 Src/dhcp.o
                0x080027bc                makeDHCPMSG
 .text.send_DHCP_DISCOVER
                0x080028a4      0x16c Src/dhcp.o
                0x080028a4                send_DHCP_DISCOVER
 .text.send_DHCP_REQUEST
                0x08002a10      0x228 Src/dhcp.o
                0x08002a10                send_DHCP_REQUEST
 .text.send_DHCP_DECLINE
                0x08002c38       0xfc Src/dhcp.o
                0x08002c38                send_DHCP_DECLINE
 .text.parseDHCPMSG
                0x08002d34      0x178 Src/dhcp.o
                0x08002d34                parseDHCPMSG
 .text.check_DHCP_leasedIP
                0x08002eac       0x68 Src/dhcp.o
                0x08002eac                check_DHCP_leasedIP
 .text.reset_DHCP_timeout
                0x08002f14       0x18 Src/dhcp.o
                0x08002f14                reset_DHCP_timeout
 .text.check_DHCP_timeout
                0x08002f2c       0x90 Src/dhcp.o
                0x08002f2c                check_DHCP_timeout
 .text.DHCP_run
                0x08002fbc      0x1a0 Src/dhcp.o
                0x08002fbc                DHCP_run
 .text.DHCP_init
                0x0800315c       0xb0 Src/dhcp.o
                0x0800315c                DHCP_init
 .text.DHCP_time_handler
                0x0800320c       0x10 Src/dhcp.o
                0x0800320c                DHCP_time_handler
 .text.getIPfromDHCP
                0x0800321c       0x18 Src/dhcp.o
                0x0800321c                getIPfromDHCP
 .text.getGWfromDHCP
                0x08003234       0x18 Src/dhcp.o
                0x08003234                getGWfromDHCP
 .text.getSNfromDHCP
                0x0800324c       0x18 Src/dhcp.o
                0x0800324c                getSNfromDHCP
 .text.getDNSfromDHCP
                0x08003264       0x18 Src/dhcp.o
                0x08003264                getDNSfromDHCP
 .text.MX_DMA_Init
                0x0800327c       0x44 Src/dma.o
                0x0800327c                MX_DMA_Init
 .text.MX_GPIO_Init
                0x080032c0      0x160 Src/gpio.o
                0x080032c0                MX_GPIO_Init
 .text.MX_I2C1_Init
                0x08003420       0x44 Src/i2c.o
                0x08003420                MX_I2C1_Init
 .text.MX_I2C2_Init
                0x08003464       0x44 Src/i2c.o
                0x08003464                MX_I2C2_Init
 .text.HAL_I2C_MspInit
                0x080034a8       0x80 Src/i2c.o
                0x080034a8                HAL_I2C_MspInit
 .text.cs_sel   0x08003528       0x14 Src/main.o
                0x08003528                cs_sel
 .text.cs_desel
                0x0800353c       0x14 Src/main.o
                0x0800353c                cs_desel
 .text.spi_rb   0x08003550       0x24 Src/main.o
                0x08003550                spi_rb
 .text.spi_wb   0x08003574       0x20 Src/main.o
                0x08003574                spi_wb
 .text.HAL_GPIO_EXTI_Callback
                0x08003594        0x2 Src/main.o
                0x08003594                HAL_GPIO_EXTI_Callback
 .text._Error_Handler
                0x08003596        0x2 Src/main.o
                0x08003596                _Error_Handler
 .text.SystemClock_Config
                0x08003598       0x8c Src/main.o
                0x08003598                SystemClock_Config
 .text.main     0x08003624      0x3d8 Src/main.o
                0x08003624                main
 .text.close    0x080039fc       0x64 Src/socket.o
                0x080039fc                close
 .text.socket   0x08003a60      0x12c Src/socket.o
                0x08003a60                socket
 .text.listen   0x08003b8c       0x76 Src/socket.o
                0x08003b8c                listen
 *fill*         0x08003c02        0x2 
 .text.disconnect
                0x08003c04       0x88 Src/socket.o
                0x08003c04                disconnect
 .text.send     0x08003c8c      0x138 Src/socket.o
                0x08003c8c                send
 .text.recv     0x08003dc4       0xf0 Src/socket.o
                0x08003dc4                recv
 .text.sendto   0x08003eb4      0x148 Src/socket.o
                0x08003eb4                sendto
 .text.recvfrom
                0x08003ffc      0x1fc Src/socket.o
                0x08003ffc                recvfrom
 .text.getsockopt
                0x080041f8      0x15c Src/socket.o
                0x080041f8                getsockopt
 .text.MX_SPI1_Init
                0x08004354       0x4c Src/spi.o
                0x08004354                MX_SPI1_Init
 .text.MX_SPI2_Init
                0x080043a0       0x48 Src/spi.o
                0x080043a0                MX_SPI2_Init
 .text.HAL_SPI_MspInit
                0x080043e8       0xac Src/spi.o
                0x080043e8                HAL_SPI_MspInit
 .text.HAL_MspInit
                0x08004494       0x90 Src/stm32f1xx_hal_msp.o
                0x08004494                HAL_MspInit
 .text.NMI_Handler
                0x08004524        0x8 Src/stm32f1xx_it.o
                0x08004524                NMI_Handler
 .text.HardFault_Handler
                0x0800452c        0x2 Src/stm32f1xx_it.o
                0x0800452c                HardFault_Handler
 .text.MemManage_Handler
                0x0800452e        0x2 Src/stm32f1xx_it.o
                0x0800452e                MemManage_Handler
 .text.BusFault_Handler
                0x08004530        0x2 Src/stm32f1xx_it.o
                0x08004530                BusFault_Handler
 .text.UsageFault_Handler
                0x08004532        0x2 Src/stm32f1xx_it.o
                0x08004532                UsageFault_Handler
 .text.SVC_Handler
                0x08004534        0x2 Src/stm32f1xx_it.o
                0x08004534                SVC_Handler
 .text.DebugMon_Handler
                0x08004536        0x2 Src/stm32f1xx_it.o
                0x08004536                DebugMon_Handler
 .text.PendSV_Handler
                0x08004538        0x2 Src/stm32f1xx_it.o
                0x08004538                PendSV_Handler
 *fill*         0x0800453a        0x2 
 .text.SysTick_Handler
                0x0800453c       0x2c Src/stm32f1xx_it.o
                0x0800453c                SysTick_Handler
 .text.EXTI1_IRQHandler
                0x08004568        0xa Src/stm32f1xx_it.o
                0x08004568                EXTI1_IRQHandler
 *fill*         0x08004572        0x2 
 .text.DMA1_Channel4_IRQHandler
                0x08004574       0x10 Src/stm32f1xx_it.o
                0x08004574                DMA1_Channel4_IRQHandler
 .text.DMA1_Channel5_IRQHandler
                0x08004584       0x10 Src/stm32f1xx_it.o
                0x08004584                DMA1_Channel5_IRQHandler
 .text.USART1_IRQHandler
                0x08004594       0x10 Src/stm32f1xx_it.o
                0x08004594                USART1_IRQHandler
 .text.SystemInit
                0x080045a4       0x4c Src/system_stm32f1xx.o
                0x080045a4                SystemInit
 .text.MX_USART1_UART_Init
                0x080045f0       0x3c Src/usart.o
                0x080045f0                MX_USART1_UART_Init
 .text.MX_USART2_UART_Init
                0x0800462c       0x3c Src/usart.o
                0x0800462c                MX_USART2_UART_Init
 .text.HAL_UART_MspInit
                0x08004668      0x188 Src/usart.o
                0x08004668                HAL_UART_MspInit
 .text.WIZCHIP_READ
                0x080047f0       0x3c Src/w5500.o
                0x080047f0                WIZCHIP_READ
 .text.WIZCHIP_WRITE
                0x0800482c       0x40 Src/w5500.o
                0x0800482c                WIZCHIP_WRITE
 .text.WIZCHIP_READ_BUF
                0x0800486c       0x4c Src/w5500.o
                0x0800486c                WIZCHIP_READ_BUF
 .text.WIZCHIP_WRITE_BUF
                0x080048b8       0x50 Src/w5500.o
                0x080048b8                WIZCHIP_WRITE_BUF
 .text.getSn_TX_FSR
                0x08004908       0x5e Src/w5500.o
                0x08004908                getSn_TX_FSR
 .text.getSn_RX_RSR
                0x08004966       0x5e Src/w5500.o
                0x08004966                getSn_RX_RSR
 .text.wiz_send_data
                0x080049c4       0x5e Src/w5500.o
                0x080049c4                wiz_send_data
 .text.wiz_recv_data
                0x08004a22       0x5e Src/w5500.o
                0x08004a22                wiz_recv_data
 .text.wiz_recv_ignore
                0x08004a80       0x44 Src/w5500.o
                0x08004a80                wiz_recv_ignore
 .text.wizchip_cris_enter
                0x08004ac4        0x2 Src/wizchip_conf.o
                0x08004ac4                wizchip_cris_enter
 .text.wizchip_cris_exit
                0x08004ac6        0x2 Src/wizchip_conf.o
                0x08004ac6                wizchip_cris_exit
 .text.wizchip_cs_select
                0x08004ac8        0x2 Src/wizchip_conf.o
                0x08004ac8                wizchip_cs_select
 .text.wizchip_cs_deselect
                0x08004aca        0x2 Src/wizchip_conf.o
                0x08004aca                wizchip_cs_deselect
 .text.wizchip_bus_readbyte
                0x08004acc        0x4 Src/wizchip_conf.o
                0x08004acc                wizchip_bus_readbyte
 .text.wizchip_bus_writebyte
                0x08004ad0        0x4 Src/wizchip_conf.o
                0x08004ad0                wizchip_bus_writebyte
 .text.wizchip_spi_readbyte
                0x08004ad4        0x4 Src/wizchip_conf.o
                0x08004ad4                wizchip_spi_readbyte
 .text.wizchip_spi_writebyte
                0x08004ad8        0x2 Src/wizchip_conf.o
                0x08004ad8                wizchip_spi_writebyte
 *fill*         0x08004ada        0x2 
 .text.reg_wizchip_cs_cbfunc
                0x08004adc       0x24 Src/wizchip_conf.o
                0x08004adc                reg_wizchip_cs_cbfunc
 .text.reg_wizchip_spi_cbfunc
                0x08004b00       0x30 Src/wizchip_conf.o
                0x08004b00                reg_wizchip_spi_cbfunc
 .text.wizchip_sw_reset
                0x08004b30       0x78 Src/wizchip_conf.o
                0x08004b30                wizchip_sw_reset
 .text.wizchip_init
                0x08004ba8       0x8a Src/wizchip_conf.o
                0x08004ba8                wizchip_init
 *fill*         0x08004c32        0x2 
 .text.wizchip_setnetinfo
                0x08004c34       0x54 Src/wizchip_conf.o
                0x08004c34                wizchip_setnetinfo
 .text.wizchip_getnetinfo
                0x08004c88       0x54 Src/wizchip_conf.o
                0x08004c88                wizchip_getnetinfo
 .text.wizchip_setnetmode
                0x08004cdc       0x24 Src/wizchip_conf.o
                0x08004cdc                wizchip_setnetmode
 .text.wizchip_getnetmode
                0x08004d00        0xa Src/wizchip_conf.o
                0x08004d00                wizchip_getnetmode
 .text.wizchip_settimeout
                0x08004d0a       0x26 Src/wizchip_conf.o
                0x08004d0a                wizchip_settimeout
 .text.wizchip_gettimeout
                0x08004d30       0x2c Src/wizchip_conf.o
                0x08004d30                wizchip_gettimeout
 .text.ctlnetwork
                0x08004d5c       0x52 Src/wizchip_conf.o
                0x08004d5c                ctlnetwork
 *fill*         0x08004dae        0x2 
 .text.Reset_Handler
                0x08004db0       0x48 startup/startup_stm32f103xe.o
                0x08004db0                Reset_Handler
 .text.Default_Handler
                0x08004df8        0x2 startup/startup_stm32f103xe.o
                0x08004df8                RTC_Alarm_IRQHandler
                0x08004df8                EXTI2_IRQHandler
                0x08004df8                TIM8_TRG_COM_IRQHandler
                0x08004df8                TIM8_CC_IRQHandler
                0x08004df8                TIM1_CC_IRQHandler
                0x08004df8                TIM6_IRQHandler
                0x08004df8                PVD_IRQHandler
                0x08004df8                SDIO_IRQHandler
                0x08004df8                EXTI3_IRQHandler
                0x08004df8                EXTI0_IRQHandler
                0x08004df8                I2C2_EV_IRQHandler
                0x08004df8                ADC1_2_IRQHandler
                0x08004df8                SPI1_IRQHandler
                0x08004df8                TAMPER_IRQHandler
                0x08004df8                TIM8_UP_IRQHandler
                0x08004df8                DMA2_Channel2_IRQHandler
                0x08004df8                USART3_IRQHandler
                0x08004df8                RTC_IRQHandler
                0x08004df8                DMA1_Channel7_IRQHandler
                0x08004df8                CAN1_RX1_IRQHandler
                0x08004df8                UART5_IRQHandler
                0x08004df8                ADC3_IRQHandler
                0x08004df8                TIM4_IRQHandler
                0x08004df8                DMA2_Channel1_IRQHandler
                0x08004df8                I2C1_EV_IRQHandler
                0x08004df8                DMA1_Channel6_IRQHandler
                0x08004df8                UART4_IRQHandler
                0x08004df8                TIM3_IRQHandler
                0x08004df8                RCC_IRQHandler
                0x08004df8                TIM1_TRG_COM_IRQHandler
                0x08004df8                DMA1_Channel1_IRQHandler
                0x08004df8                Default_Handler
                0x08004df8                EXTI15_10_IRQHandler
                0x08004df8                TIM7_IRQHandler
                0x08004df8                TIM5_IRQHandler
                0x08004df8                EXTI9_5_IRQHandler
                0x08004df8                SPI2_IRQHandler
                0x08004df8                EXTI4_IRQHandler
                0x08004df8                USB_LP_CAN1_RX0_IRQHandler
                0x08004df8                USB_HP_CAN1_TX_IRQHandler
                0x08004df8                DMA1_Channel3_IRQHandler
                0x08004df8                FSMC_IRQHandler
                0x08004df8                TIM1_UP_IRQHandler
                0x08004df8                WWDG_IRQHandler
                0x08004df8                TIM2_IRQHandler
                0x08004df8                TIM1_BRK_IRQHandler
                0x08004df8                DMA2_Channel4_5_IRQHandler
                0x08004df8                USART2_IRQHandler
                0x08004df8                I2C2_ER_IRQHandler
                0x08004df8                DMA1_Channel2_IRQHandler
                0x08004df8                TIM8_BRK_IRQHandler
                0x08004df8                CAN1_SCE_IRQHandler
                0x08004df8                FLASH_IRQHandler
                0x08004df8                SPI3_IRQHandler
                0x08004df8                I2C1_ER_IRQHandler
                0x08004df8                USBWakeUp_IRQHandler
                0x08004df8                DMA2_Channel3_IRQHandler
 *fill*         0x08004dfa        0x2 
 .text.__libc_init_array
                0x08004dfc       0x48 c:/ac6/systemworkbench/plugins/fr.ac6.mcu.externaltools.arm-none.win32_1.15.0.201708311556/tools/compiler/bin/../lib/gcc/arm-none-eabi/6.3.1/../../../../arm-none-eabi/lib/thumb/v7-m\libc_nano.a(lib_a-init.o)
                0x08004dfc                __libc_init_array
 *(.glue_7)
 .glue_7        0x08004e44        0x0 linker stubs
 *(.glue_7t)
 .glue_7t       0x08004e44        0x0 linker stubs
 *(.eh_frame)
 .eh_frame      0x08004e44        0x0 c:/ac6/systemworkbench/plugins/fr.ac6.mcu.externaltools.arm-none.win32_1.15.0.201708311556/tools/compiler/bin/../lib/gcc/arm-none-eabi/6.3.1/thumb/v7-m/crtbegin.o
 *(.init)
 .init          0x08004e44        0x4 c:/ac6/systemworkbench/plugins/fr.ac6.mcu.externaltools.arm-none.win32_1.15.0.201708311556/tools/compiler/bin/../lib/gcc/arm-none-eabi/6.3.1/thumb/v7-m/crti.o
                0x08004e44                _init
 .init          0x08004e48        0x8 c:/ac6/systemworkbench/plugins/fr.ac6.mcu.externaltools.arm-none.win32_1.15.0.201708311556/tools/compiler/bin/../lib/gcc/arm-none-eabi/6.3.1/thumb/v7-m/crtn.o
 *(.fini)
 .fini          0x08004e50        0x4 c:/ac6/systemworkbench/plugins/fr.ac6.mcu.externaltools.arm-none.win32_1.15.0.201708311556/tools/compiler/bin/../lib/gcc/arm-none-eabi/6.3.1/thumb/v7-m/crti.o
                0x08004e50                _fini
 .fini          0x08004e54        0x8 c:/ac6/systemworkbench/plugins/fr.ac6.mcu.externaltools.arm-none.win32_1.15.0.201708311556/tools/compiler/bin/../lib/gcc/arm-none-eabi/6.3.1/thumb/v7-m/crtn.o
                0x08004e5c                . = ALIGN (0x4)
                0x08004e5c                _etext = .

.vfp11_veneer   0x08004e5c        0x0
 .vfp11_veneer  0x08004e5c        0x0 linker stubs

.v4_bx          0x08004e5c        0x0
 .v4_bx         0x08004e5c        0x0 linker stubs

.iplt           0x08004e5c        0x0
 .iplt          0x08004e5c        0x0 c:/ac6/systemworkbench/plugins/fr.ac6.mcu.externaltools.arm-none.win32_1.15.0.201708311556/tools/compiler/bin/../lib/gcc/arm-none-eabi/6.3.1/thumb/v7-m/crtbegin.o

.rodata         0x08004e5c       0x84
                0x08004e5c                . = ALIGN (0x4)
 *(.rodata)
 .rodata        0x08004e5c       0x12 Drivers/STM32F1xx_HAL_Driver/Src/stm32f1xx_hal_rcc.o
 *fill*         0x08004e6e        0x2 
 .rodata        0x08004e70        0x4 Src/main.o
 .rodata        0x08004e74       0x18 Src/system_stm32f1xx.o
                0x08004e74                AHBPrescTable
                0x08004e84                APBPrescTable
 *(.rodata*)
 .rodata.str1.4
                0x08004e8c       0x12 Src/dhcp.o
 *fill*         0x08004e9e        0x2 
 .rodata.str1.4
                0x08004ea0        0xd Src/i2c.o
 *fill*         0x08004ead        0x3 
 .rodata.str1.4
                0x08004eb0        0xe Src/main.o
 *fill*         0x08004ebe        0x2 
 .rodata.str1.4
                0x08004ec0        0xd Src/spi.o
 *fill*         0x08004ecd        0x3 
 .rodata.str1.4
                0x08004ed0       0x10 Src/usart.o
                                  0xf (size before relaxing)
                0x08004ee0                . = ALIGN (0x4)

.rel.dyn        0x08004ee0        0x0
 .rel.iplt      0x08004ee0        0x0 c:/ac6/systemworkbench/plugins/fr.ac6.mcu.externaltools.arm-none.win32_1.15.0.201708311556/tools/compiler/bin/../lib/gcc/arm-none-eabi/6.3.1/thumb/v7-m/crtbegin.o

.ARM.extab
 *(.ARM.extab* .gnu.linkonce.armextab.*)

.ARM            0x08004ee0        0x0
                0x08004ee0                __exidx_start = .
 *(.ARM.exidx*)
                0x08004ee0                __exidx_end = .

.preinit_array  0x08004ee0        0x0
                0x08004ee0                PROVIDE (__preinit_array_start, .)
 *(.preinit_array*)
                0x08004ee0                PROVIDE (__preinit_array_end, .)

.init_array     0x08004ee0        0x4
                0x08004ee0                PROVIDE (__init_array_start, .)
 *(SORT(.init_array.*))
 *(.init_array*)
 .init_array    0x08004ee0        0x4 c:/ac6/systemworkbench/plugins/fr.ac6.mcu.externaltools.arm-none.win32_1.15.0.201708311556/tools/compiler/bin/../lib/gcc/arm-none-eabi/6.3.1/thumb/v7-m/crtbegin.o
                0x08004ee4                PROVIDE (__init_array_end, .)

.fini_array     0x08004ee4        0x4
                [!provide]                PROVIDE (__fini_array_start, .)
 *(SORT(.fini_array.*))
 *(.fini_array*)
 .fini_array    0x08004ee4        0x4 c:/ac6/systemworkbench/plugins/fr.ac6.mcu.externaltools.arm-none.win32_1.15.0.201708311556/tools/compiler/bin/../lib/gcc/arm-none-eabi/6.3.1/thumb/v7-m/crtbegin.o
                [!provide]                PROVIDE (__fini_array_end, .)
                0x08004ee8                _sidata = LOADADDR (.data)

.data           0x20000000       0x44 load address 0x08004ee8
                0x20000000                . = ALIGN (0x4)
                0x20000000                _sdata = .
 *(.data)
 .data          0x20000000       0x1c Src/dhcp.o
                0x20000000                dhcp_ip_assign
                0x20000004                dhcp_ip_update
                0x20000008                dhcp_ip_conflict
                0x2000000c                HOST_NAME
                0x20000014                dhcp_lease_time
                0x20000018                dhcp_tick_next
 .data          0x2000001c        0x1 Src/main.o
                0x2000001c                netconfig
 *fill*         0x2000001d        0x1 
 .data          0x2000001e        0x2 Src/socket.o
 .data          0x20000020        0x4 Src/system_stm32f1xx.o
                0x20000020                SystemCoreClock
 .data          0x20000024       0x20 Src/wizchip_conf.o
                0x20000024                WIZCHIP
 *(.data*)
                0x20000044                . = ALIGN (0x4)
                0x20000044                _edata = .

.jcr            0x20000044        0x0 load address 0x08004f2c
 .jcr           0x20000044        0x0 c:/ac6/systemworkbench/plugins/fr.ac6.mcu.externaltools.arm-none.win32_1.15.0.201708311556/tools/compiler/bin/../lib/gcc/arm-none-eabi/6.3.1/thumb/v7-m/crtbegin.o

.igot.plt       0x20000044        0x0 load address 0x08004f2c
 .igot.plt      0x20000044        0x0 c:/ac6/systemworkbench/plugins/fr.ac6.mcu.externaltools.arm-none.win32_1.15.0.201708311556/tools/compiler/bin/../lib/gcc/arm-none-eabi/6.3.1/thumb/v7-m/crtbegin.o
                0x20000044                . = ALIGN (0x4)

.bss            0x20000044      0xbd4 load address 0x08004f2c
                0x20000044                _sbss = .
                0x20000044                __bss_start__ = _sbss
 *(.bss)
 .bss           0x20000044       0x1c c:/ac6/systemworkbench/plugins/fr.ac6.mcu.externaltools.arm-none.win32_1.15.0.201708311556/tools/compiler/bin/../lib/gcc/arm-none-eabi/6.3.1/thumb/v7-m/crtbegin.o
 .bss           0x20000060        0x4 Drivers/STM32F1xx_HAL_Driver/Src/stm32f1xx_hal.o
 .bss           0x20000064        0x1 Drivers/STM32F1xx_HAL_Driver/Src/stm32f1xx_hal_spi_ex.o
                0x20000064                uCRCErrorWorkaroundCheck
 *fill*         0x20000065        0x3 
 .bss           0x20000068       0x20 Src/dhcp.o
                0x20000068                DHCP_allocated_ip
                0x2000006c                DHCP_allocated_sn
                0x20000070                DHCP_allocated_gw
                0x20000074                dhcp_state
                0x20000078                DHCP_allocated_dns
                0x2000007c                dhcp_tick_1s
                0x20000080                dhcp_retry_count
                0x20000084                OLD_allocated_ip
 .bss           0x20000088        0x4 Src/main.o
                0x20000088                SysTickTimer
 .bss           0x2000008c       0x1e Src/socket.o
 *fill*         0x200000aa        0x2 
 .bss           0x200000ac        0x5 Src/wizchip_conf.o
 *(.bss*)
 *(COMMON)
 *fill*         0x200000b1        0x3 
 COMMON         0x200000b4      0x852 Src/WIZ5500.o
                0x200000b4                gDATABUFDHCP
                0x200008b4                WIZ_SPI_DATA_RECESIVE
                0x200008c0                Main_WIZ5500
                0x200008d4                WIZ_SPI_DATA_SEND
 *fill*         0x20000906        0x2 
 COMMON         0x20000908       0x15 Src/dhcp.o
                0x20000908                DHCP_CHADDR
                0x20000910                DHCP_XID
                0x20000914                DHCP_SIP
                0x20000918                pDHCPMSG
                0x2000091c                DHCP_SOCKET
 *fill*         0x2000091d        0x3 
 COMMON         0x20000920       0x78 Src/i2c.o
                0x20000920                hi2c1
                0x2000095c                hi2c2
 COMMON         0x20000998       0xa0 Src/main.o
                0x20000998                ModbusTCP
 COMMON         0x20000a38       0xb0 Src/spi.o
                0x20000a38                hspi2
                0x20000a90                hspi1
 COMMON         0x20000ae8      0x130 Src/usart.o
                0x20000ae8                huart3
                0x20000b28                hdma_usart1_tx
                0x20000b60                hdma_usart1_rx
                0x20000b98                huart1
                0x20000bd8                huart2
                0x20000c18                . = ALIGN (0x4)
                0x20000c18                _ebss = .
                0x20000c18                __bss_end__ = _ebss

._user_heap_stack
                0x20000c18      0x600 load address 0x08004f2c
                0x20000c18                . = ALIGN (0x8)
                [!provide]                PROVIDE (end, .)
                [!provide]                PROVIDE (_end, .)
                0x20000e18                . = (. + _Min_Heap_Size)
 *fill*         0x20000c18      0x200 
                0x20001218                . = (. + _Min_Stack_Size)
 *fill*         0x20000e18      0x400 
                0x20001218                . = ALIGN (0x8)

/DISCARD/
 libc.a(*)
 libm.a(*)
 libgcc.a(*)

.ARM.attributes
                0x00000000       0x29
 *(.ARM.attributes)
 .ARM.attributes
                0x00000000       0x1d c:/ac6/systemworkbench/plugins/fr.ac6.mcu.externaltools.arm-none.win32_1.15.0.201708311556/tools/compiler/bin/../lib/gcc/arm-none-eabi/6.3.1/thumb/v7-m/crti.o
 .ARM.attributes
                0x0000001d       0x2d c:/ac6/systemworkbench/plugins/fr.ac6.mcu.externaltools.arm-none.win32_1.15.0.201708311556/tools/compiler/bin/../lib/gcc/arm-none-eabi/6.3.1/thumb/v7-m/crtbegin.o
 .ARM.attributes
                0x0000004a       0x33 Drivers/STM32F1xx_HAL_Driver/Src/stm32f1xx_hal.o
 .ARM.attributes
                0x0000007d       0x33 Drivers/STM32F1xx_HAL_Driver/Src/stm32f1xx_hal_cortex.o
 .ARM.attributes
                0x000000b0       0x33 Drivers/STM32F1xx_HAL_Driver/Src/stm32f1xx_hal_dma.o
 .ARM.attributes
                0x000000e3       0x33 Drivers/STM32F1xx_HAL_Driver/Src/stm32f1xx_hal_gpio.o
 .ARM.attributes
                0x00000116       0x33 Drivers/STM32F1xx_HAL_Driver/Src/stm32f1xx_hal_i2c.o
 .ARM.attributes
                0x00000149       0x33 Drivers/STM32F1xx_HAL_Driver/Src/stm32f1xx_hal_rcc.o
 .ARM.attributes
                0x0000017c       0x33 Drivers/STM32F1xx_HAL_Driver/Src/stm32f1xx_hal_spi.o
 .ARM.attributes
                0x000001af       0x33 Drivers/STM32F1xx_HAL_Driver/Src/stm32f1xx_hal_spi_ex.o
 .ARM.attributes
                0x000001e2       0x33 Drivers/STM32F1xx_HAL_Driver/Src/stm32f1xx_hal_uart.o
 .ARM.attributes
                0x00000215       0x33 Src/WIZ5500.o
 .ARM.attributes
                0x00000248       0x33 Src/dhcp.o
 .ARM.attributes
                0x0000027b       0x33 Src/dma.o
 .ARM.attributes
                0x000002ae       0x33 Src/gpio.o
 .ARM.attributes
                0x000002e1       0x33 Src/i2c.o
 .ARM.attributes
                0x00000314       0x33 Src/main.o
 .ARM.attributes
                0x00000347       0x33 Src/socket.o
 .ARM.attributes
                0x0000037a       0x33 Src/spi.o
 .ARM.attributes
                0x000003ad       0x33 Src/stm32f1xx_hal_msp.o
 .ARM.attributes
                0x000003e0       0x33 Src/stm32f1xx_it.o
 .ARM.attributes
                0x00000413       0x33 Src/system_stm32f1xx.o
 .ARM.attributes
                0x00000446       0x33 Src/usart.o
 .ARM.attributes
                0x00000479       0x33 Src/w5500.o
 .ARM.attributes
                0x000004ac       0x33 Src/wizchip_conf.o
 .ARM.attributes
                0x000004df       0x21 startup/startup_stm32f103xe.o
 .ARM.attributes
                0x00000500       0x2d c:/ac6/systemworkbench/plugins/fr.ac6.mcu.externaltools.arm-none.win32_1.15.0.201708311556/tools/compiler/bin/../lib/gcc/arm-none-eabi/6.3.1/../../../../arm-none-eabi/lib/thumb/v7-m\libc_nano.a(lib_a-init.o)
 .ARM.attributes
                0x0000052d       0x1d c:/ac6/systemworkbench/plugins/fr.ac6.mcu.externaltools.arm-none.win32_1.15.0.201708311556/tools/compiler/bin/../lib/gcc/arm-none-eabi/6.3.1/thumb/v7-m/crtn.o
OUTPUT(ISSK_ETH_V1_1.elf elf32-littlearm)

.debug_info     0x00000000    0x1c559
 .debug_info    0x00000000      0xf80 Drivers/STM32F1xx_HAL_Driver/Src/stm32f1xx_hal.o
 .debug_info    0x00000f80     0x14e6 Drivers/STM32F1xx_HAL_Driver/Src/stm32f1xx_hal_cortex.o
 .debug_info    0x00002466      0xe9a Drivers/STM32F1xx_HAL_Driver/Src/stm32f1xx_hal_dma.o
 .debug_info    0x00003300      0xe8b Drivers/STM32F1xx_HAL_Driver/Src/stm32f1xx_hal_gpio.o
 .debug_info    0x0000418b     0x32ef Drivers/STM32F1xx_HAL_Driver/Src/stm32f1xx_hal_i2c.o
 .debug_info    0x0000747a     0x1ac1 Drivers/STM32F1xx_HAL_Driver/Src/stm32f1xx_hal_rcc.o
 .debug_info    0x00008f3b     0x1df3 Drivers/STM32F1xx_HAL_Driver/Src/stm32f1xx_hal_spi.o
 .debug_info    0x0000ad2e      0xe1c Drivers/STM32F1xx_HAL_Driver/Src/stm32f1xx_hal_spi_ex.o
 .debug_info    0x0000bb4a     0x195e Drivers/STM32F1xx_HAL_Driver/Src/stm32f1xx_hal_uart.o
 .debug_info    0x0000d4a8     0x1163 Src/WIZ5500.o
 .debug_info    0x0000e60b      0xe71 Src/dhcp.o
 .debug_info    0x0000f47c      0xc30 Src/dma.o
 .debug_info    0x000100ac      0xed3 Src/gpio.o
 .debug_info    0x00010f7f     0x1099 Src/i2c.o
 .debug_info    0x00012018     0x232d Src/main.o
 .debug_info    0x00014345     0x129f Src/socket.o
 .debug_info    0x000155e4     0x10fb Src/spi.o
 .debug_info    0x000166df      0xd21 Src/stm32f1xx_hal_msp.o
 .debug_info    0x00017400      0xede Src/stm32f1xx_it.o
 .debug_info    0x000182de      0xc1b Src/system_stm32f1xx.o
 .debug_info    0x00018ef9     0x1486 Src/usart.o
 .debug_info    0x0001a37f      0xfef Src/w5500.o
 .debug_info    0x0001b36e     0x1158 Src/wizchip_conf.o
 .debug_info    0x0001c4c6       0x93 startup/startup_stm32f103xe.o

.debug_abbrev   0x00000000     0x3d66
 .debug_abbrev  0x00000000      0x336 Drivers/STM32F1xx_HAL_Driver/Src/stm32f1xx_hal.o
 .debug_abbrev  0x00000336      0x3af Drivers/STM32F1xx_HAL_Driver/Src/stm32f1xx_hal_cortex.o
 .debug_abbrev  0x000006e5      0x2c5 Drivers/STM32F1xx_HAL_Driver/Src/stm32f1xx_hal_dma.o
 .debug_abbrev  0x000009aa      0x2a5 Drivers/STM32F1xx_HAL_Driver/Src/stm32f1xx_hal_gpio.o
 .debug_abbrev  0x00000c4f      0x2ee Drivers/STM32F1xx_HAL_Driver/Src/stm32f1xx_hal_i2c.o
 .debug_abbrev  0x00000f3d      0x347 Drivers/STM32F1xx_HAL_Driver/Src/stm32f1xx_hal_rcc.o
 .debug_abbrev  0x00001284      0x2ee Drivers/STM32F1xx_HAL_Driver/Src/stm32f1xx_hal_spi.o
 .debug_abbrev  0x00001572      0x218 Drivers/STM32F1xx_HAL_Driver/Src/stm32f1xx_hal_spi_ex.o
 .debug_abbrev  0x0000178a      0x2fb Drivers/STM32F1xx_HAL_Driver/Src/stm32f1xx_hal_uart.o
 .debug_abbrev  0x00001a85      0x252 Src/WIZ5500.o
 .debug_abbrev  0x00001cd7      0x2ac Src/dhcp.o
 .debug_abbrev  0x00001f83      0x232 Src/dma.o
 .debug_abbrev  0x000021b5      0x232 Src/gpio.o
 .debug_abbrev  0x000023e7      0x256 Src/i2c.o
 .debug_abbrev  0x0000263d      0x38e Src/main.o
 .debug_abbrev  0x000029cb      0x230 Src/socket.o
 .debug_abbrev  0x00002bfb      0x256 Src/spi.o
 .debug_abbrev  0x00002e51      0x232 Src/stm32f1xx_hal_msp.o
 .debug_abbrev  0x00003083      0x259 Src/stm32f1xx_it.o
 .debug_abbrev  0x000032dc      0x226 Src/system_stm32f1xx.o
 .debug_abbrev  0x00003502      0x27b Src/usart.o
 .debug_abbrev  0x0000377d      0x2e0 Src/w5500.o
 .debug_abbrev  0x00003a5d      0x2f7 Src/wizchip_conf.o
 .debug_abbrev  0x00003d54       0x12 startup/startup_stm32f103xe.o

.debug_loc      0x00000000     0x9be1
 .debug_loc     0x00000000       0x81 Drivers/STM32F1xx_HAL_Driver/Src/stm32f1xx_hal.o
 .debug_loc     0x00000081      0x5ad Drivers/STM32F1xx_HAL_Driver/Src/stm32f1xx_hal_cortex.o
 .debug_loc     0x0000062e      0x3f6 Drivers/STM32F1xx_HAL_Driver/Src/stm32f1xx_hal_dma.o
 .debug_loc     0x00000a24      0x40b Drivers/STM32F1xx_HAL_Driver/Src/stm32f1xx_hal_gpio.o
 .debug_loc     0x00000e2f     0x2e3f Drivers/STM32F1xx_HAL_Driver/Src/stm32f1xx_hal_i2c.o
 .debug_loc     0x00003c6e      0x8e7 Drivers/STM32F1xx_HAL_Driver/Src/stm32f1xx_hal_rcc.o
 .debug_loc     0x00004555     0x14b4 Drivers/STM32F1xx_HAL_Driver/Src/stm32f1xx_hal_spi.o
 .debug_loc     0x00005a09       0xb9 Drivers/STM32F1xx_HAL_Driver/Src/stm32f1xx_hal_spi_ex.o
 .debug_loc     0x00005ac2     0x1188 Drivers/STM32F1xx_HAL_Driver/Src/stm32f1xx_hal_uart.o
 .debug_loc     0x00006c4a      0xa7d Src/dhcp.o
 .debug_loc     0x000076c7       0xa6 Src/i2c.o
 .debug_loc     0x0000776d       0xc5 Src/main.o
 .debug_loc     0x00007832     0x1206 Src/socket.o
 .debug_loc     0x00008a38       0xa6 Src/spi.o
 .debug_loc     0x00008ade       0xdf Src/system_stm32f1xx.o
 .debug_loc     0x00008bbd       0xd2 Src/usart.o
 .debug_loc     0x00008c8f      0x520 Src/w5500.o
 .debug_loc     0x000091af      0xa32 Src/wizchip_conf.o

.debug_aranges  0x00000000      0xc88
 .debug_aranges
                0x00000000       0xb0 Drivers/STM32F1xx_HAL_Driver/Src/stm32f1xx_hal.o
 .debug_aranges
                0x000000b0       0x90 Drivers/STM32F1xx_HAL_Driver/Src/stm32f1xx_hal_cortex.o
 .debug_aranges
                0x00000140       0x68 Drivers/STM32F1xx_HAL_Driver/Src/stm32f1xx_hal_dma.o
 .debug_aranges
                0x000001a8       0x58 Drivers/STM32F1xx_HAL_Driver/Src/stm32f1xx_hal_gpio.o
 .debug_aranges
                0x00000200      0x218 Drivers/STM32F1xx_HAL_Driver/Src/stm32f1xx_hal_i2c.o
 .debug_aranges
                0x00000418       0x88 Drivers/STM32F1xx_HAL_Driver/Src/stm32f1xx_hal_rcc.o
 .debug_aranges
                0x000004a0      0x158 Drivers/STM32F1xx_HAL_Driver/Src/stm32f1xx_hal_spi.o
 .debug_aranges
                0x000005f8       0x28 Drivers/STM32F1xx_HAL_Driver/Src/stm32f1xx_hal_spi_ex.o
 .debug_aranges
                0x00000620      0x150 Drivers/STM32F1xx_HAL_Driver/Src/stm32f1xx_hal_uart.o
 .debug_aranges
                0x00000770       0x28 Src/WIZ5500.o
 .debug_aranges
                0x00000798       0xc0 Src/dhcp.o
 .debug_aranges
                0x00000858       0x20 Src/dma.o
 .debug_aranges
                0x00000878       0x20 Src/gpio.o
 .debug_aranges
                0x00000898       0x38 Src/i2c.o
 .debug_aranges
                0x000008d0       0x58 Src/main.o
 .debug_aranges
                0x00000928       0x78 Src/socket.o
 .debug_aranges
                0x000009a0       0x38 Src/spi.o
 .debug_aranges
                0x000009d8       0x20 Src/stm32f1xx_hal_msp.o
 .debug_aranges
                0x000009f8       0x80 Src/stm32f1xx_it.o
 .debug_aranges
                0x00000a78       0x28 Src/system_stm32f1xx.o
 .debug_aranges
                0x00000aa0       0x40 Src/usart.o
 .debug_aranges
                0x00000ae0       0x60 Src/w5500.o
 .debug_aranges
                0x00000b40      0x120 Src/wizchip_conf.o
 .debug_aranges
                0x00000c60       0x28 startup/startup_stm32f103xe.o

.debug_ranges   0x00000000      0xb88
 .debug_ranges  0x00000000       0xa0 Drivers/STM32F1xx_HAL_Driver/Src/stm32f1xx_hal.o
 .debug_ranges  0x000000a0       0xe0 Drivers/STM32F1xx_HAL_Driver/Src/stm32f1xx_hal_cortex.o
 .debug_ranges  0x00000180       0x58 Drivers/STM32F1xx_HAL_Driver/Src/stm32f1xx_hal_dma.o
 .debug_ranges  0x000001d8       0x48 Drivers/STM32F1xx_HAL_Driver/Src/stm32f1xx_hal_gpio.o
 .debug_ranges  0x00000220      0x208 Drivers/STM32F1xx_HAL_Driver/Src/stm32f1xx_hal_i2c.o
 .debug_ranges  0x00000428       0x78 Drivers/STM32F1xx_HAL_Driver/Src/stm32f1xx_hal_rcc.o
 .debug_ranges  0x000004a0      0x148 Drivers/STM32F1xx_HAL_Driver/Src/stm32f1xx_hal_spi.o
 .debug_ranges  0x000005e8       0x18 Drivers/STM32F1xx_HAL_Driver/Src/stm32f1xx_hal_spi_ex.o
 .debug_ranges  0x00000600      0x140 Drivers/STM32F1xx_HAL_Driver/Src/stm32f1xx_hal_uart.o
 .debug_ranges  0x00000740       0x18 Src/WIZ5500.o
 .debug_ranges  0x00000758       0xb0 Src/dhcp.o
 .debug_ranges  0x00000808       0x10 Src/dma.o
 .debug_ranges  0x00000818       0x10 Src/gpio.o
 .debug_ranges  0x00000828       0x28 Src/i2c.o
 .debug_ranges  0x00000850       0x60 Src/main.o
 .debug_ranges  0x000008b0       0x68 Src/socket.o
 .debug_ranges  0x00000918       0x28 Src/spi.o
 .debug_ranges  0x00000940       0x10 Src/stm32f1xx_hal_msp.o
 .debug_ranges  0x00000950       0x70 Src/stm32f1xx_it.o
 .debug_ranges  0x000009c0       0x18 Src/system_stm32f1xx.o
 .debug_ranges  0x000009d8       0x30 Src/usart.o
 .debug_ranges  0x00000a08       0x50 Src/w5500.o
 .debug_ranges  0x00000a58      0x110 Src/wizchip_conf.o
 .debug_ranges  0x00000b68       0x20 startup/startup_stm32f103xe.o

.debug_macro    0x00000000    0x1c80e
 .debug_macro   0x00000000      0x309 Drivers/STM32F1xx_HAL_Driver/Src/stm32f1xx_hal.o
 .debug_macro   0x00000309      0x8bc Drivers/STM32F1xx_HAL_Driver/Src/stm32f1xx_hal.o
 .debug_macro   0x00000bc5      0x112 Drivers/STM32F1xx_HAL_Driver/Src/stm32f1xx_hal.o
 .debug_macro   0x00000cd7      0x16d Drivers/STM32F1xx_HAL_Driver/Src/stm32f1xx_hal.o
 .debug_macro   0x00000e44       0x2e Drivers/STM32F1xx_HAL_Driver/Src/stm32f1xx_hal.o
 .debug_macro   0x00000e72       0x22 Drivers/STM32F1xx_HAL_Driver/Src/stm32f1xx_hal.o
 .debug_macro   0x00000e94       0x22 Drivers/STM32F1xx_HAL_Driver/Src/stm32f1xx_hal.o
 .debug_macro   0x00000eb6       0x87 Drivers/STM32F1xx_HAL_Driver/Src/stm32f1xx_hal.o
 .debug_macro   0x00000f3d       0x51 Drivers/STM32F1xx_HAL_Driver/Src/stm32f1xx_hal.o
 .debug_macro   0x00000f8e       0xef Drivers/STM32F1xx_HAL_Driver/Src/stm32f1xx_hal.o
 .debug_macro   0x0000107d       0x6a Drivers/STM32F1xx_HAL_Driver/Src/stm32f1xx_hal.o
 .debug_macro   0x000010e7      0x1df Drivers/STM32F1xx_HAL_Driver/Src/stm32f1xx_hal.o
 .debug_macro   0x000012c6       0x34 Drivers/STM32F1xx_HAL_Driver/Src/stm32f1xx_hal.o
 .debug_macro   0x000012fa       0x34 Drivers/STM32F1xx_HAL_Driver/Src/stm32f1xx_hal.o
 .debug_macro   0x0000132e      0xb8e Drivers/STM32F1xx_HAL_Driver/Src/stm32f1xx_hal.o
 .debug_macro   0x00001ebc    0x1075d Drivers/STM32F1xx_HAL_Driver/Src/stm32f1xx_hal.o
 .debug_macro   0x00012619       0x43 Drivers/STM32F1xx_HAL_Driver/Src/stm32f1xx_hal.o
 .debug_macro   0x0001265c     0x3383 Drivers/STM32F1xx_HAL_Driver/Src/stm32f1xx_hal.o
 .debug_macro   0x000159df       0x58 Drivers/STM32F1xx_HAL_Driver/Src/stm32f1xx_hal.o
 .debug_macro   0x00015a37       0x35 Drivers/STM32F1xx_HAL_Driver/Src/stm32f1xx_hal.o
 .debug_macro   0x00015a6c       0x9c Drivers/STM32F1xx_HAL_Driver/Src/stm32f1xx_hal.o
 .debug_macro   0x00015b08       0x16 Drivers/STM32F1xx_HAL_Driver/Src/stm32f1xx_hal.o
 .debug_macro   0x00015b1e       0x97 Drivers/STM32F1xx_HAL_Driver/Src/stm32f1xx_hal.o
 .debug_macro   0x00015bb5      0x330 Drivers/STM32F1xx_HAL_Driver/Src/stm32f1xx_hal.o
 .debug_macro   0x00015ee5       0xfd Drivers/STM32F1xx_HAL_Driver/Src/stm32f1xx_hal.o
 .debug_macro   0x00015fe2       0x10 Drivers/STM32F1xx_HAL_Driver/Src/stm32f1xx_hal.o
 .debug_macro   0x00015ff2       0x58 Drivers/STM32F1xx_HAL_Driver/Src/stm32f1xx_hal.o
 .debug_macro   0x0001604a       0x1f Drivers/STM32F1xx_HAL_Driver/Src/stm32f1xx_hal.o
 .debug_macro   0x00016069       0x43 Drivers/STM32F1xx_HAL_Driver/Src/stm32f1xx_hal.o
 .debug_macro   0x000160ac       0x20 Drivers/STM32F1xx_HAL_Driver/Src/stm32f1xx_hal.o
 .debug_macro   0x000160cc      0x187 Drivers/STM32F1xx_HAL_Driver/Src/stm32f1xx_hal.o
 .debug_macro   0x00016253       0x10 Drivers/STM32F1xx_HAL_Driver/Src/stm32f1xx_hal.o
 .debug_macro   0x00016263       0x1c Drivers/STM32F1xx_HAL_Driver/Src/stm32f1xx_hal.o
 .debug_macro   0x0001627f       0x52 Drivers/STM32F1xx_HAL_Driver/Src/stm32f1xx_hal.o
 .debug_macro   0x000162d1       0x40 Drivers/STM32F1xx_HAL_Driver/Src/stm32f1xx_hal.o
 .debug_macro   0x00016311       0x10 Drivers/STM32F1xx_HAL_Driver/Src/stm32f1xx_hal.o
 .debug_macro   0x00016321       0x40 Drivers/STM32F1xx_HAL_Driver/Src/stm32f1xx_hal.o
 .debug_macro   0x00016361       0xd7 Drivers/STM32F1xx_HAL_Driver/Src/stm32f1xx_hal.o
 .debug_macro   0x00016438       0x16 Drivers/STM32F1xx_HAL_Driver/Src/stm32f1xx_hal.o
 .debug_macro   0x0001644e      0x18b Drivers/STM32F1xx_HAL_Driver/Src/stm32f1xx_hal.o
 .debug_macro   0x000165d9       0x50 Drivers/STM32F1xx_HAL_Driver/Src/stm32f1xx_hal.o
 .debug_macro   0x00016629      0x778 Drivers/STM32F1xx_HAL_Driver/Src/stm32f1xx_hal.o
 .debug_macro   0x00016da1      0x4d7 Drivers/STM32F1xx_HAL_Driver/Src/stm32f1xx_hal.o
 .debug_macro   0x00017278      0x141 Drivers/STM32F1xx_HAL_Driver/Src/stm32f1xx_hal.o
 .debug_macro   0x000173b9      0x1cf Drivers/STM32F1xx_HAL_Driver/Src/stm32f1xx_hal.o
 .debug_macro   0x00017588      0x1ae Drivers/STM32F1xx_HAL_Driver/Src/stm32f1xx_hal.o
 .debug_macro   0x00017736       0x2a Drivers/STM32F1xx_HAL_Driver/Src/stm32f1xx_hal.o
 .debug_macro   0x00017760       0x3c Drivers/STM32F1xx_HAL_Driver/Src/stm32f1xx_hal.o
 .debug_macro   0x0001779c       0x57 Drivers/STM32F1xx_HAL_Driver/Src/stm32f1xx_hal.o
 .debug_macro   0x000177f3       0x8c Drivers/STM32F1xx_HAL_Driver/Src/stm32f1xx_hal.o
 .debug_macro   0x0001787f      0x250 Drivers/STM32F1xx_HAL_Driver/Src/stm32f1xx_hal.o
 .debug_macro   0x00017acf      0x225 Drivers/STM32F1xx_HAL_Driver/Src/stm32f1xx_hal.o
 .debug_macro   0x00017cf4      0x143 Drivers/STM32F1xx_HAL_Driver/Src/stm32f1xx_hal.o
 .debug_macro   0x00017e37      0x1f4 Drivers/STM32F1xx_HAL_Driver/Src/stm32f1xx_hal.o
 .debug_macro   0x0001802b      0x256 Drivers/STM32F1xx_HAL_Driver/Src/stm32f1xx_hal.o
 .debug_macro   0x00018281       0xae Drivers/STM32F1xx_HAL_Driver/Src/stm32f1xx_hal.o
 .debug_macro   0x0001832f      0x2e5 Drivers/STM32F1xx_HAL_Driver/Src/stm32f1xx_hal_cortex.o
 .debug_macro   0x00018614      0x2eb Drivers/STM32F1xx_HAL_Driver/Src/stm32f1xx_hal_dma.o
 .debug_macro   0x000188ff      0x355 Drivers/STM32F1xx_HAL_Driver/Src/stm32f1xx_hal_gpio.o
 .debug_macro   0x00018c54      0x2fb Drivers/STM32F1xx_HAL_Driver/Src/stm32f1xx_hal_i2c.o
 .debug_macro   0x00018f4f      0x309 Drivers/STM32F1xx_HAL_Driver/Src/stm32f1xx_hal_rcc.o
 .debug_macro   0x00019258      0x2ed Drivers/STM32F1xx_HAL_Driver/Src/stm32f1xx_hal_spi.o
 .debug_macro   0x00019545      0x2e5 Drivers/STM32F1xx_HAL_Driver/Src/stm32f1xx_hal_spi_ex.o
 .debug_macro   0x0001982a      0x2e6 Drivers/STM32F1xx_HAL_Driver/Src/stm32f1xx_hal_uart.o
 .debug_macro   0x00019b10      0x31d Src/WIZ5500.o
 .debug_macro   0x00019e2d       0x40 Src/WIZ5500.o
 .debug_macro   0x00019e6d       0x16 Src/WIZ5500.o
 .debug_macro   0x00019e83       0x35 Src/WIZ5500.o
 .debug_macro   0x00019eb8      0x144 Src/dhcp.o
 .debug_macro   0x00019ffc       0x40 Src/dhcp.o
 .debug_macro   0x0001a03c      0x5d9 Src/dhcp.o
 .debug_macro   0x0001a615       0x66 Src/dhcp.o
 .debug_macro   0x0001a67b       0xcd Src/dhcp.o
 .debug_macro   0x0001a748       0x2e Src/dhcp.o
 .debug_macro   0x0001a776      0x2ef Src/dma.o
 .debug_macro   0x0001aa65      0x2ef Src/gpio.o
 .debug_macro   0x0001ad54      0x2f9 Src/i2c.o
 .debug_macro   0x0001b04d      0x376 Src/main.o
 .debug_macro   0x0001b3c3       0x46 Src/main.o
 .debug_macro   0x0001b409       0xd3 Src/main.o
 .debug_macro   0x0001b4dc       0x1c Src/main.o
 .debug_macro   0x0001b4f8       0xb7 Src/socket.o
 .debug_macro   0x0001b5af      0x2f9 Src/spi.o
 .debug_macro   0x0001b8a8      0x2e5 Src/stm32f1xx_hal_msp.o
 .debug_macro   0x0001bb8d      0x2ef Src/stm32f1xx_it.o
 .debug_macro   0x0001be7c      0x2eb Src/system_stm32f1xx.o
 .debug_macro   0x0001c167      0x303 Src/usart.o
 .debug_macro   0x0001c46a      0x1e4 Src/w5500.o
 .debug_macro   0x0001c64e       0x52 Src/w5500.o
 .debug_macro   0x0001c6a0       0x8d Src/w5500.o
 .debug_macro   0x0001c72d       0x57 Src/w5500.o
 .debug_macro   0x0001c784       0x8a Src/wizchip_conf.o

.debug_line     0x00000000     0xea22
 .debug_line    0x00000000      0x964 Drivers/STM32F1xx_HAL_Driver/Src/stm32f1xx_hal.o
 .debug_line    0x00000964      0x9b0 Drivers/STM32F1xx_HAL_Driver/Src/stm32f1xx_hal_cortex.o
 .debug_line    0x00001314     0x10ad Drivers/STM32F1xx_HAL_Driver/Src/stm32f1xx_hal_dma.o
 .debug_line    0x000023c1      0x9c8 Drivers/STM32F1xx_HAL_Driver/Src/stm32f1xx_hal_gpio.o
 .debug_line    0x00002d89     0x1851 Drivers/STM32F1xx_HAL_Driver/Src/stm32f1xx_hal_i2c.o
 .debug_line    0x000045da      0xcce Drivers/STM32F1xx_HAL_Driver/Src/stm32f1xx_hal_rcc.o
 .debug_line    0x000052a8     0x110e Drivers/STM32F1xx_HAL_Driver/Src/stm32f1xx_hal_spi.o
 .debug_line    0x000063b6      0x84c Drivers/STM32F1xx_HAL_Driver/Src/stm32f1xx_hal_spi_ex.o
 .debug_line    0x00006c02      0xed1 Drivers/STM32F1xx_HAL_Driver/Src/stm32f1xx_hal_uart.o
 .debug_line    0x00007ad3      0x867 Src/WIZ5500.o
 .debug_line    0x0000833a      0x725 Src/dhcp.o
 .debug_line    0x00008a5f      0x7f7 Src/dma.o
 .debug_line    0x00009256      0x81c Src/gpio.o
 .debug_line    0x00009a72      0x866 Src/i2c.o
 .debug_line    0x0000a2d8      0x9b7 Src/main.o
 .debug_line    0x0000ac8f      0x6b2 Src/socket.o
 .debug_line    0x0000b341      0x874 Src/spi.o
 .debug_line    0x0000bbb5      0x801 Src/stm32f1xx_hal_msp.o
 .debug_line    0x0000c3b6      0x8d0 Src/stm32f1xx_it.o
 .debug_line    0x0000cc86      0x836 Src/system_stm32f1xx.o
 .debug_line    0x0000d4bc      0x8ca Src/usart.o
 .debug_line    0x0000dd86      0x540 Src/w5500.o
 .debug_line    0x0000e2c6      0x6df Src/wizchip_conf.o
 .debug_line    0x0000e9a5       0x7d startup/startup_stm32f103xe.o

.debug_str      0x00000000    0x9919d
 .debug_str     0x00000000    0x927e3 Drivers/STM32F1xx_HAL_Driver/Src/stm32f1xx_hal.o
                              0x92de7 (size before relaxing)
 .debug_str     0x000927e3      0x2c5 Drivers/STM32F1xx_HAL_Driver/Src/stm32f1xx_hal_cortex.o
                              0x92dd3 (size before relaxing)
 .debug_str     0x00092aa8      0x30e Drivers/STM32F1xx_HAL_Driver/Src/stm32f1xx_hal_dma.o
                              0x9296f (size before relaxing)
 .debug_str     0x00092db6      0x44e Drivers/STM32F1xx_HAL_Driver/Src/stm32f1xx_hal_gpio.o
                              0x92ae6 (size before relaxing)
 .debug_str     0x00093204      0x8ad Drivers/STM32F1xx_HAL_Driver/Src/stm32f1xx_hal_i2c.o
                              0x93126 (size before relaxing)
 .debug_str     0x00093ab1      0x3a1 Drivers/STM32F1xx_HAL_Driver/Src/stm32f1xx_hal_rcc.o
                              0x92b13 (size before relaxing)
 .debug_str     0x00093e52      0x530 Drivers/STM32F1xx_HAL_Driver/Src/stm32f1xx_hal_spi.o
                              0x92db3 (size before relaxing)
 .debug_str     0x00094382       0x54 Drivers/STM32F1xx_HAL_Driver/Src/stm32f1xx_hal_spi_ex.o
                              0x92a38 (size before relaxing)
 .debug_str     0x000943d6      0x4c6 Drivers/STM32F1xx_HAL_Driver/Src/stm32f1xx_hal_uart.o
                              0x92dc2 (size before relaxing)
 .debug_str     0x0009489c      0x1bd Src/WIZ5500.o
                              0x92bbd (size before relaxing)
 .debug_str     0x00094a59     0x3753 Src/dhcp.o
                               0x6cb7 (size before relaxing)
 .debug_str     0x000981ac       0x22 Src/dma.o
                              0x92a1e (size before relaxing)
 .debug_str     0x000981ce       0x2b Src/gpio.o
                              0x92ab9 (size before relaxing)
 .debug_str     0x000981f9       0x55 Src/i2c.o
                              0x92adf (size before relaxing)
 .debug_str     0x0009824e      0x497 Src/main.o
                              0x96882 (size before relaxing)
 .debug_str     0x000986e5      0x32b Src/socket.o
                               0x672b (size before relaxing)
 .debug_str     0x00098a10       0x17 Src/spi.o
                              0x92ad1 (size before relaxing)
 .debug_str     0x00098a27       0x1b Src/stm32f1xx_hal_msp.o
                              0x92a5b (size before relaxing)
 .debug_str     0x00098a42      0x12b Src/stm32f1xx_it.o
                              0x92b05 (size before relaxing)
 .debug_str     0x00098b6d       0x61 Src/system_stm32f1xx.o
                              0x926d9 (size before relaxing)
 .debug_str     0x00098bce       0x2e Src/usart.o
                              0x92f2e (size before relaxing)
 .debug_str     0x00098bfc       0xa0 Src/w5500.o
                               0xa0c6 (size before relaxing)
 .debug_str     0x00098c9c      0x501 Src/wizchip_conf.o
                               0x65ad (size before relaxing)

.comment        0x00000000       0x7f
 .comment       0x00000000       0x7f Drivers/STM32F1xx_HAL_Driver/Src/stm32f1xx_hal.o
                                 0x80 (size before relaxing)
 .comment       0x0000007f       0x80 Drivers/STM32F1xx_HAL_Driver/Src/stm32f1xx_hal_cortex.o
 .comment       0x0000007f       0x80 Drivers/STM32F1xx_HAL_Driver/Src/stm32f1xx_hal_dma.o
 .comment       0x0000007f       0x80 Drivers/STM32F1xx_HAL_Driver/Src/stm32f1xx_hal_gpio.o
 .comment       0x0000007f       0x80 Drivers/STM32F1xx_HAL_Driver/Src/stm32f1xx_hal_i2c.o
 .comment       0x0000007f       0x80 Drivers/STM32F1xx_HAL_Driver/Src/stm32f1xx_hal_rcc.o
 .comment       0x0000007f       0x80 Drivers/STM32F1xx_HAL_Driver/Src/stm32f1xx_hal_spi.o
 .comment       0x0000007f       0x80 Drivers/STM32F1xx_HAL_Driver/Src/stm32f1xx_hal_spi_ex.o
 .comment       0x0000007f       0x80 Drivers/STM32F1xx_HAL_Driver/Src/stm32f1xx_hal_uart.o
 .comment       0x0000007f       0x80 Src/WIZ5500.o
 .comment       0x0000007f       0x80 Src/dhcp.o
 .comment       0x0000007f       0x80 Src/dma.o
 .comment       0x0000007f       0x80 Src/gpio.o
 .comment       0x0000007f       0x80 Src/i2c.o
 .comment       0x0000007f       0x80 Src/main.o
 .comment       0x0000007f       0x80 Src/socket.o
 .comment       0x0000007f       0x80 Src/spi.o
 .comment       0x0000007f       0x80 Src/stm32f1xx_hal_msp.o
 .comment       0x0000007f       0x80 Src/stm32f1xx_it.o
 .comment       0x0000007f       0x80 Src/system_stm32f1xx.o
 .comment       0x0000007f       0x80 Src/usart.o
 .comment       0x0000007f       0x80 Src/w5500.o
 .comment       0x0000007f       0x80 Src/wizchip_conf.o

.debug_frame    0x00000000     0x2228
 .debug_frame   0x00000000      0x168 Drivers/STM32F1xx_HAL_Driver/Src/stm32f1xx_hal.o
 .debug_frame   0x00000168      0x12c Drivers/STM32F1xx_HAL_Driver/Src/stm32f1xx_hal_cortex.o
 .debug_frame   0x00000294      0x104 Drivers/STM32F1xx_HAL_Driver/Src/stm32f1xx_hal_dma.o
 .debug_frame   0x00000398       0xe4 Drivers/STM32F1xx_HAL_Driver/Src/stm32f1xx_hal_gpio.o
 .debug_frame   0x0000047c      0x738 Drivers/STM32F1xx_HAL_Driver/Src/stm32f1xx_hal_i2c.o
 .debug_frame   0x00000bb4      0x154 Drivers/STM32F1xx_HAL_Driver/Src/stm32f1xx_hal_rcc.o
 .debug_frame   0x00000d08      0x3ec Drivers/STM32F1xx_HAL_Driver/Src/stm32f1xx_hal_spi.o
 .debug_frame   0x000010f4       0x3c Drivers/STM32F1xx_HAL_Driver/Src/stm32f1xx_hal_spi_ex.o
 .debug_frame   0x00001130      0x388 Drivers/STM32F1xx_HAL_Driver/Src/stm32f1xx_hal_uart.o
 .debug_frame   0x000014b8       0x4c Src/WIZ5500.o
 .debug_frame   0x00001504      0x228 Src/dhcp.o
 .debug_frame   0x0000172c       0x2c Src/dma.o
 .debug_frame   0x00001758       0x3c Src/gpio.o
 .debug_frame   0x00001794       0x78 Src/i2c.o
 .debug_frame   0x0000180c       0xd8 Src/main.o
 .debug_frame   0x000018e4      0x28c Src/socket.o
 .debug_frame   0x00001b70       0x78 Src/spi.o
 .debug_frame   0x00001be8       0x2c Src/stm32f1xx_hal_msp.o
 .debug_frame   0x00001c14      0x110 Src/stm32f1xx_it.o
 .debug_frame   0x00001d24       0x30 Src/system_stm32f1xx.o
 .debug_frame   0x00001d54       0x94 Src/usart.o
 .debug_frame   0x00001de8      0x130 Src/w5500.o
 .debug_frame   0x00001f18      0x2e4 Src/wizchip_conf.o
 .debug_frame   0x000021fc       0x2c c:/ac6/systemworkbench/plugins/fr.ac6.mcu.externaltools.arm-none.win32_1.15.0.201708311556/tools/compiler/bin/../lib/gcc/arm-none-eabi/6.3.1/../../../../arm-none-eabi/lib/thumb/v7-m\libc_nano.a(lib_a-init.o)
