Archive member included to satisfy reference by file (symbol)

c:/ac6/systemworkbench/plugins/fr.ac6.mcu.externaltools.arm-none.win32_1.15.0.201708311556/tools/compiler/bin/../lib/gcc/arm-none-eabi/6.3.1/../../../../arm-none-eabi/lib/thumb/v7-m\libc_nano.a(lib_a-exit.o)
                              c:/ac6/systemworkbench/plugins/fr.ac6.mcu.externaltools.arm-none.win32_1.15.0.201708311556/tools/compiler/bin/../lib/gcc/arm-none-eabi/6.3.1/../../../../arm-none-eabi/lib/thumb/v7-m/crt0.o (exit)
c:/ac6/systemworkbench/plugins/fr.ac6.mcu.externaltools.arm-none.win32_1.15.0.201708311556/tools/compiler/bin/../lib/gcc/arm-none-eabi/6.3.1/../../../../arm-none-eabi/lib/thumb/v7-m\libc_nano.a(lib_a-impure.o)
                              c:/ac6/systemworkbench/plugins/fr.ac6.mcu.externaltools.arm-none.win32_1.15.0.201708311556/tools/compiler/bin/../lib/gcc/arm-none-eabi/6.3.1/../../../../arm-none-eabi/lib/thumb/v7-m\libc_nano.a(lib_a-exit.o) (_global_impure_ptr)
c:/ac6/systemworkbench/plugins/fr.ac6.mcu.externaltools.arm-none.win32_1.15.0.201708311556/tools/compiler/bin/../lib/gcc/arm-none-eabi/6.3.1/../../../../arm-none-eabi/lib/thumb/v7-m\libc_nano.a(lib_a-init.o)
                              c:/ac6/systemworkbench/plugins/fr.ac6.mcu.externaltools.arm-none.win32_1.15.0.201708311556/tools/compiler/bin/../lib/gcc/arm-none-eabi/6.3.1/../../../../arm-none-eabi/lib/thumb/v7-m/crt0.o (__libc_init_array)
c:/ac6/systemworkbench/plugins/fr.ac6.mcu.externaltools.arm-none.win32_1.15.0.201708311556/tools/compiler/bin/../lib/gcc/arm-none-eabi/6.3.1/../../../../arm-none-eabi/lib/thumb/v7-m\libc_nano.a(lib_a-memset.o)
                              c:/ac6/systemworkbench/plugins/fr.ac6.mcu.externaltools.arm-none.win32_1.15.0.201708311556/tools/compiler/bin/../lib/gcc/arm-none-eabi/6.3.1/../../../../arm-none-eabi/lib/thumb/v7-m/crt0.o (memset)
c:/ac6/systemworkbench/plugins/fr.ac6.mcu.externaltools.arm-none.win32_1.15.0.201708311556/tools/compiler/bin/../lib/gcc/arm-none-eabi/6.3.1/../../../../arm-none-eabi/lib/thumb/v7-m\libnosys.a(_exit.o)
                              c:/ac6/systemworkbench/plugins/fr.ac6.mcu.externaltools.arm-none.win32_1.15.0.201708311556/tools/compiler/bin/../lib/gcc/arm-none-eabi/6.3.1/../../../../arm-none-eabi/lib/thumb/v7-m\libc_nano.a(lib_a-exit.o) (_exit)

Allocating common symbols
Common symbol       size              file

Modbus_Counter_DMA_Tx_index
                    0x1               Src/Modbus.o
Modbus_Buffor_Tab   0x14              Src/Modbus.o
DHCP_CHADDR         0x6               Src/dhcp.o
hspi2               0x58              Src/spi.o
huart3              0x40              Src/usart.o
gDATABUFDHCP        0x800             Src/WIZ5500.o
hi2c1               0x3c              Src/i2c.o
hi2c2               0x3c              Src/i2c.o
Modbus_Flaga_DMA_Rx
                    0x1               Src/Modbus.o
ModbusTCP           0x104             Src/Modbus.o
pFlash              0x20              Drivers/STM32F1xx_HAL_Driver/Src/stm32f1xx_hal_flash.o
Modbus_Counter_DMA_Tx
                    0x1               Src/Modbus.o
hdma_usart1_tx      0x38              Src/usart.o
DHCP_XID            0x4               Src/dhcp.o
hdma_usart1_rx      0x38              Src/usart.o
DHCP_SIP            0x4               Src/dhcp.o
huart1              0x40              Src/usart.o
WIZ_SPI_DATA_RECESIVE
                    0xa               Src/WIZ5500.o
Main_WIZ5500        0x12              Src/WIZ5500.o
Modbus_Buffor_Temp  0x1               Src/Modbus.o
pDHCPMSG            0x4               Src/dhcp.o
A24AA64             0x19              Src/A24AA64.o
hspi1               0x58              Src/spi.o
WIZ_SPI_DATA_SEND   0x32              Src/WIZ5500.o
huart2              0x40              Src/usart.o
Modbus_index        0x1               Src/Modbus.o
DHCP_SOCKET         0x1               Src/dhcp.o

Discarded input sections

 .text          0x00000000        0x0 c:/ac6/systemworkbench/plugins/fr.ac6.mcu.externaltools.arm-none.win32_1.15.0.201708311556/tools/compiler/bin/../lib/gcc/arm-none-eabi/6.3.1/thumb/v7-m/crti.o
 .data          0x00000000        0x0 c:/ac6/systemworkbench/plugins/fr.ac6.mcu.externaltools.arm-none.win32_1.15.0.201708311556/tools/compiler/bin/../lib/gcc/arm-none-eabi/6.3.1/thumb/v7-m/crti.o
 .bss           0x00000000        0x0 c:/ac6/systemworkbench/plugins/fr.ac6.mcu.externaltools.arm-none.win32_1.15.0.201708311556/tools/compiler/bin/../lib/gcc/arm-none-eabi/6.3.1/thumb/v7-m/crti.o
 .data          0x00000000        0x4 c:/ac6/systemworkbench/plugins/fr.ac6.mcu.externaltools.arm-none.win32_1.15.0.201708311556/tools/compiler/bin/../lib/gcc/arm-none-eabi/6.3.1/thumb/v7-m/crtbegin.o
 .text          0x00000000       0x74 c:/ac6/systemworkbench/plugins/fr.ac6.mcu.externaltools.arm-none.win32_1.15.0.201708311556/tools/compiler/bin/../lib/gcc/arm-none-eabi/6.3.1/../../../../arm-none-eabi/lib/thumb/v7-m/crt0.o
[...]
Memory Configuration

Name             Origin             Length             Attributes
RAM              0x20000000         0x00010000         xrw
FLASH            0x08000000         0x00080000         xr
*default*        0x00000000         0xffffffff

Linker script and memory map

LOAD c:/ac6/systemworkbench/plugins/fr.ac6.mcu.externaltools.arm-none.win32_1.15.0.201708311556/tools/compiler/bin/../lib/gcc/arm-none-eabi/6.3.1/thumb/v7-m/crti.o
LOAD c:/ac6/systemworkbench/plugins/fr.ac6.mcu.externaltools.arm-none.win32_1.15.0.201708311556/tools/compiler/bin/../lib/gcc/arm-none-eabi/6.3.1/thumb/v7-m/crtbegin.o
LOAD c:/ac6/systemworkbench/plugins/fr.ac6.mcu.externaltools.arm-none.win32_1.15.0.201708311556/tools/compiler/bin/../lib/gcc/arm-none-eabi/6.3.1/../../../../arm-none-eabi/lib/thumb/v7-m/crt0.o
LOAD Drivers/STM32F1xx_HAL_Driver/Src/stm32f1xx_hal.o
LOAD Drivers/STM32F1xx_HAL_Driver/Src/stm32f1xx_hal_cortex.o
LOAD Drivers/STM32F1xx_HAL_Driver/Src/stm32f1xx_hal_dma.o
LOAD Drivers/STM32F1xx_HAL_Driver/Src/stm32f1xx_hal_flash.o
LOAD Drivers/STM32F1xx_HAL_Driver/Src/stm32f1xx_hal_flash_ex.o
LOAD Drivers/STM32F1xx_HAL_Driver/Src/stm32f1xx_hal_gpio.o
LOAD Drivers/STM32F1xx_HAL_Driver/Src/stm32f1xx_hal_gpio_ex.o
LOAD Drivers/STM32F1xx_HAL_Driver/Src/stm32f1xx_hal_i2c.o
LOAD Drivers/STM32F1xx_HAL_Driver/Src/stm32f1xx_hal_pwr.o
LOAD Drivers/STM32F1xx_HAL_Driver/Src/stm32f1xx_hal_rcc.o
LOAD Drivers/STM32F1xx_HAL_Driver/Src/stm32f1xx_hal_rcc_ex.o
LOAD Drivers/STM32F1xx_HAL_Driver/Src/stm32f1xx_hal_spi.o
LOAD Drivers/STM32F1xx_HAL_Driver/Src/stm32f1xx_hal_spi_ex.o
LOAD Drivers/STM32F1xx_HAL_Driver/Src/stm32f1xx_hal_tim.o
LOAD Drivers/STM32F1xx_HAL_Driver/Src/stm32f1xx_hal_tim_ex.o
LOAD Drivers/STM32F1xx_HAL_Driver/Src/stm32f1xx_hal_uart.o
LOAD Src/A24AA64.o
LOAD Src/AT45DB161E.o
LOAD Src/Modbus.o
LOAD Src/ModbusTCP_IP.o
LOAD Src/WIZ5500.o
LOAD Src/dhcp.o
LOAD Src/dma.o
LOAD Src/gpio.o
LOAD Src/i2c.o
LOAD Src/main.o
LOAD Src/socket.o
LOAD Src/spi.o
LOAD Src/stm32f1xx_hal_msp.o
LOAD Src/stm32f1xx_it.o
LOAD Src/system_stm32f1xx.o
LOAD Src/usart.o
LOAD Src/w5500.o
LOAD Src/wizchip_conf.o
LOAD startup/startup_stm32f103xe.o
LOAD c:/ac6/systemworkbench/plugins/fr.ac6.mcu.externaltools.arm-none.win32_1.15.0.201708311556/tools/compiler/bin/../lib/gcc/arm-none-eabi/6.3.1/../../../../arm-none-eabi/lib/thumb/v7-m\libm.a
START GROUP
LOAD c:/ac6/systemworkbench/plugins/fr.ac6.mcu.externaltools.arm-none.win32_1.15.0.201708311556/tools/compiler/bin/../lib/gcc/arm-none-eabi/6.3.1/thumb/v7-m\libgcc.a
LOAD c:/ac6/systemworkbench/plugins/fr.ac6.mcu.externaltools.arm-none.win32_1.15.0.201708311556/tools/compiler/bin/../lib/gcc/arm-none-eabi/6.3.1/../../../../arm-none-eabi/lib/thumb/v7-m\libc_nano.a
END GROUP
START GROUP
LOAD c:/ac6/systemworkbench/plugins/fr.ac6.mcu.externaltools.arm-none.win32_1.15.0.201708311556/tools/compiler/bin/../lib/gcc/arm-none-eabi/6.3.1/thumb/v7-m\libgcc.a
LOAD c:/ac6/systemworkbench/plugins/fr.ac6.mcu.externaltools.arm-none.win32_1.15.0.201708311556/tools/compiler/bin/../lib/gcc/arm-none-eabi/6.3.1/../../../../arm-none-eabi/lib/thumb/v7-m\libc_nano.a
LOAD c:/ac6/systemworkbench/plugins/fr.ac6.mcu.externaltools.arm-none.win32_1.15.0.201708311556/tools/compiler/bin/../lib/gcc/arm-none-eabi/6.3.1/../../../../arm-none-eabi/lib/thumb/v7-m\libnosys.a
END GROUP
START GROUP
LOAD c:/ac6/systemworkbench/plugins/fr.ac6.mcu.externaltools.arm-none.win32_1.15.0.201708311556/tools/compiler/bin/../lib/gcc/arm-none-eabi/6.3.1/thumb/v7-m\libgcc.a
LOAD c:/ac6/systemworkbench/plugins/fr.ac6.mcu.externaltools.arm-none.win32_1.15.0.201708311556/tools/compiler/bin/../lib/gcc/arm-none-eabi/6.3.1/../../../../arm-none-eabi/lib/thumb/v7-m\libc_nano.a
LOAD c:/ac6/systemworkbench/plugins/fr.ac6.mcu.externaltools.arm-none.win32_1.15.0.201708311556/tools/compiler/bin/../lib/gcc/arm-none-eabi/6.3.1/../../../../arm-none-eabi/lib/thumb/v7-m\libnosys.a
END GROUP
LOAD c:/ac6/systemworkbench/plugins/fr.ac6.mcu.externaltools.arm-none.win32_1.15.0.201708311556/tools/compiler/bin/../lib/gcc/arm-none-eabi/6.3.1/thumb/v7-m/crtend.o
LOAD c:/ac6/systemworkbench/plugins/fr.ac6.mcu.externaltools.arm-none.win32_1.15.0.201708311556/tools/compiler/bin/../lib/gcc/arm-none-eabi/6.3.1/thumb/v7-m/crtn.o
                0x20010000                _estack = 0x20010000
                0x00000200                _Min_Heap_Size = 0x200
                0x00000400                _Min_Stack_Size = 0x400

.isr_vector     0x08000000      0x1e4
                0x08000000                . = ALIGN (0x4)
 *(.isr_vector)
 .isr_vector    0x08000000      0x1e4 startup/startup_stm32f103xe.o
                0x08000000                g_pfnVectors
                0x080001e4                . = ALIGN (0x4)

.text           0x080001e4     0x5b74
                0x080001e4                . = ALIGN (0x4)
 *(.text)
 .text          0x080001e4       0x6c c:/ac6/systemworkbench/plugins/fr.ac6.mcu.externaltools.arm-none.win32_1.15.0.201708311556/tools/compiler/bin/../lib/gcc/arm-none-eabi/6.3.1/thumb/v7-m/crtbegin.o
 *(.text*)
 .text.HAL_InitTick
                0x08000250       0x28 Drivers/STM32F1xx_HAL_Driver/Src/stm32f1xx_hal.o
                0x08000250                HAL_InitTick
 .text.HAL_Init
                0x08000278       0x24 Drivers/STM32F1xx_HAL_Driver/Src/stm32f1xx_hal.o
                0x08000278                HAL_Init
 .text.HAL_IncTick
                0x0800029c       0x10 Drivers/STM32F1xx_HAL_Driver/Src/stm32f1xx_hal.o
                0x0800029c                HAL_IncTick
 .text.HAL_GetTick
                0x080002ac        0xc Drivers/STM32F1xx_HAL_Driver/Src/stm32f1xx_hal.o
                0x080002ac                HAL_GetTick
 .text.HAL_Delay
                0x080002b8       0x1c Drivers/STM32F1xx_HAL_Driver/Src/stm32f1xx_hal.o
                0x080002b8                HAL_Delay
 .text.HAL_NVIC_SetPriorityGrouping
                0x080002d4       0x24 Drivers/STM32F1xx_HAL_Driver/Src/stm32f1xx_hal_cortex.o
                0x080002d4                HAL_NVIC_SetPriorityGrouping
 .text.HAL_NVIC_SetPriority
                0x080002f8       0x64 Drivers/STM32F1xx_HAL_Driver/Src/stm32f1xx_hal_cortex.o
                0x080002f8                HAL_NVIC_SetPriority
 .text.HAL_NVIC_EnableIRQ
                0x0800035c       0x18 Drivers/STM32F1xx_HAL_Driver/Src/stm32f1xx_hal_cortex.o
                0x0800035c                HAL_NVIC_EnableIRQ
 .text.HAL_NVIC_DisableIRQ
                0x08000374       0x1c Drivers/STM32F1xx_HAL_Driver/Src/stm32f1xx_hal_cortex.o
                0x08000374                HAL_NVIC_DisableIRQ
 .text.HAL_NVIC_SystemReset
                0x08000390       0x24 Drivers/STM32F1xx_HAL_Driver/Src/stm32f1xx_hal_cortex.o
                0x08000390                HAL_NVIC_SystemReset
 .text.HAL_SYSTICK_Config
                0x080003b4       0x2c Drivers/STM32F1xx_HAL_Driver/Src/stm32f1xx_hal_cortex.o
                0x080003b4                HAL_SYSTICK_Config
 .text.HAL_SYSTICK_CLKSourceConfig
                0x080003e0       0x20 Drivers/STM32F1xx_HAL_Driver/Src/stm32f1xx_hal_cortex.o
                0x080003e0                HAL_SYSTICK_CLKSourceConfig
 .text.HAL_SYSTICK_Callback
                0x08000400        0x2 Drivers/STM32F1xx_HAL_Driver/Src/stm32f1xx_hal_cortex.o
                0x08000400                HAL_SYSTICK_Callback
 .text.HAL_SYSTICK_IRQHandler
                0x08000402        0x8 Drivers/STM32F1xx_HAL_Driver/Src/stm32f1xx_hal_cortex.o
                0x08000402                HAL_SYSTICK_IRQHandler
 .text.DMA_SetConfig
                0x0800040a       0x22 Drivers/STM32F1xx_HAL_Driver/Src/stm32f1xx_hal_dma.o
 .text.HAL_DMA_Init
                0x0800042c       0x52 Drivers/STM32F1xx_HAL_Driver/Src/stm32f1xx_hal_dma.o
                0x0800042c                HAL_DMA_Init
 .text.HAL_DMA_Start_IT
                0x0800047e       0x58 Drivers/STM32F1xx_HAL_Driver/Src/stm32f1xx_hal_dma.o
                0x0800047e                HAL_DMA_Start_IT
 *fill*         0x080004d6        0x2 
 .text.HAL_DMA_IRQHandler
                0x080004d8      0x7a4 Drivers/STM32F1xx_HAL_Driver/Src/stm32f1xx_hal_dma.o
                0x080004d8                HAL_DMA_IRQHandler
 .text.HAL_GPIO_Init
                0x08000c7c      0x1fc Drivers/STM32F1xx_HAL_Driver/Src/stm32f1xx_hal_gpio.o
                0x08000c7c                HAL_GPIO_Init
 .text.HAL_GPIO_ReadPin
                0x08000e78        0xe Drivers/STM32F1xx_HAL_Driver/Src/stm32f1xx_hal_gpio.o
                0x08000e78                HAL_GPIO_ReadPin
 .text.HAL_GPIO_WritePin
                0x08000e86        0xc Drivers/STM32F1xx_HAL_Driver/Src/stm32f1xx_hal_gpio.o
                0x08000e86                HAL_GPIO_WritePin
 *fill*         0x08000e92        0x2 
 .text.HAL_GPIO_EXTI_IRQHandler
                0x08000e94       0x1c Drivers/STM32F1xx_HAL_Driver/Src/stm32f1xx_hal_gpio.o
                0x08000e94                HAL_GPIO_EXTI_IRQHandler
 .text.I2C_Configure_Speed
                0x08000eb0       0x4c Drivers/STM32F1xx_HAL_Driver/Src/stm32f1xx_hal_i2c.o
 .text.I2C_IsAcknowledgeFailed
                0x08000efc       0x2a Drivers/STM32F1xx_HAL_Driver/Src/stm32f1xx_hal_i2c.o
 .text.I2C_WaitOnFlagUntilTimeout
                0x08000f26       0xc6 Drivers/STM32F1xx_HAL_Driver/Src/stm32f1xx_hal_i2c.o
 .text.I2C_WaitOnMasterAddressFlagUntilTimeout
                0x08000fec       0x92 Drivers/STM32F1xx_HAL_Driver/Src/stm32f1xx_hal_i2c.o
 .text.I2C_WaitOnTXEFlagUntilTimeout
                0x0800107e       0x50 Drivers/STM32F1xx_HAL_Driver/Src/stm32f1xx_hal_i2c.o
 *fill*         0x080010ce        0x2 
 .text.I2C_RequestMemoryWrite
                0x080010d0       0xc0 Drivers/STM32F1xx_HAL_Driver/Src/stm32f1xx_hal_i2c.o
 .text.I2C_RequestMemoryRead
                0x08001190      0x12c Drivers/STM32F1xx_HAL_Driver/Src/stm32f1xx_hal_i2c.o
 .text.I2C_WaitOnRXNEFlagUntilTimeout
                0x080012bc       0x60 Drivers/STM32F1xx_HAL_Driver/Src/stm32f1xx_hal_i2c.o
 .text.HAL_I2C_Init
                0x0800131c       0xb0 Drivers/STM32F1xx_HAL_Driver/Src/stm32f1xx_hal_i2c.o
                0x0800131c                HAL_I2C_Init
 .text.HAL_I2C_Mem_Write
                0x080013cc      0x13c Drivers/STM32F1xx_HAL_Driver/Src/stm32f1xx_hal_i2c.o
                0x080013cc                HAL_I2C_Mem_Write
 .text.HAL_I2C_Mem_Read
                0x08001508      0x248 Drivers/STM32F1xx_HAL_Driver/Src/stm32f1xx_hal_i2c.o
                0x08001508                HAL_I2C_Mem_Read
 .text.HAL_RCC_OscConfig
                0x08001750      0x5e0 Drivers/STM32F1xx_HAL_Driver/Src/stm32f1xx_hal_rcc.o
                0x08001750                HAL_RCC_OscConfig
 .text.HAL_RCC_EnableCSS
                0x08001d30       0x1c Drivers/STM32F1xx_HAL_Driver/Src/stm32f1xx_hal_rcc.o
                0x08001d30                HAL_RCC_EnableCSS
 .text.HAL_RCC_GetSysClockFreq
                0x08001d4c       0x98 Drivers/STM32F1xx_HAL_Driver/Src/stm32f1xx_hal_rcc.o
                0x08001d4c                HAL_RCC_GetSysClockFreq
 .text.HAL_RCC_ClockConfig
                0x08001de4      0x1d4 Drivers/STM32F1xx_HAL_Driver/Src/stm32f1xx_hal_rcc.o
                0x08001de4                HAL_RCC_ClockConfig
 .text.HAL_RCC_GetHCLKFreq
                0x08001fb8        0xc Drivers/STM32F1xx_HAL_Driver/Src/stm32f1xx_hal_rcc.o
                0x08001fb8                HAL_RCC_GetHCLKFreq
 .text.HAL_RCC_GetPCLK1Freq
                0x08001fc4       0x2c Drivers/STM32F1xx_HAL_Driver/Src/stm32f1xx_hal_rcc.o
                0x08001fc4                HAL_RCC_GetPCLK1Freq
 .text.HAL_RCC_GetPCLK2Freq
                0x08001ff0       0x2c Drivers/STM32F1xx_HAL_Driver/Src/stm32f1xx_hal_rcc.o
                0x08001ff0                HAL_RCC_GetPCLK2Freq
 .text.HAL_RCC_CSSCallback
                0x0800201c        0x2 Drivers/STM32F1xx_HAL_Driver/Src/stm32f1xx_hal_rcc.o
                0x0800201c                HAL_RCC_CSSCallback
 *fill*         0x0800201e        0x2 
 .text.HAL_RCC_NMI_IRQHandler
                0x08002020       0x24 Drivers/STM32F1xx_HAL_Driver/Src/stm32f1xx_hal_rcc.o
                0x08002020                HAL_RCC_NMI_IRQHandler
 .text.SPI_WaitOnFlagUntilTimeout
                0x08002044       0xe4 Drivers/STM32F1xx_HAL_Driver/Src/stm32f1xx_hal_spi.o
 .text.HAL_SPI_Transmit
                0x08002128      0x1ba Drivers/STM32F1xx_HAL_Driver/Src/stm32f1xx_hal_spi.o
                0x08002128                HAL_SPI_Transmit
 .text.HAL_SPI_TransmitReceive
                0x080022e2      0x34c Drivers/STM32F1xx_HAL_Driver/Src/stm32f1xx_hal_spi.o
                0x080022e2                HAL_SPI_TransmitReceive
 .text.HAL_SPI_Receive
                0x0800262e      0x23e Drivers/STM32F1xx_HAL_Driver/Src/stm32f1xx_hal_spi.o
                0x0800262e                HAL_SPI_Receive
 .text.HAL_SPI_Init
                0x0800286c       0x88 Drivers/STM32F1xx_HAL_Driver/Src/stm32f1xx_hal_spi_ex.o
                0x0800286c                HAL_SPI_Init
 .text.SPI_ISCRCErrorValid
                0x080028f4       0x2c Drivers/STM32F1xx_HAL_Driver/Src/stm32f1xx_hal_spi_ex.o
                0x080028f4                SPI_ISCRCErrorValid
 .text.UART_Transmit_IT
                0x08002920       0x6c Drivers/STM32F1xx_HAL_Driver/Src/stm32f1xx_hal_uart.o
 .text.UART_SetConfig
                0x0800298c      0x1b0 Drivers/STM32F1xx_HAL_Driver/Src/stm32f1xx_hal_uart.o
 .text.HAL_UART_Init
                0x08002b3c       0x5a Drivers/STM32F1xx_HAL_Driver/Src/stm32f1xx_hal_uart.o
                0x08002b3c                HAL_UART_Init
 *fill*         0x08002b96        0x2 
 .text.HAL_UART_Transmit_DMA
                0x08002b98       0xa0 Drivers/STM32F1xx_HAL_Driver/Src/stm32f1xx_hal_uart.o
                0x08002b98                HAL_UART_Transmit_DMA
 .text.HAL_UART_Receive_DMA
                0x08002c38       0x98 Drivers/STM32F1xx_HAL_Driver/Src/stm32f1xx_hal_uart.o
                0x08002c38                HAL_UART_Receive_DMA
 .text.UART_DMATransmitCplt
                0x08002cd0       0x30 Drivers/STM32F1xx_HAL_Driver/Src/stm32f1xx_hal_uart.o
 .text.UART_EndTransmit_IT
                0x08002d00       0x2c Drivers/STM32F1xx_HAL_Driver/Src/stm32f1xx_hal_uart.o
 .text.HAL_UART_TxHalfCpltCallback
                0x08002d2c        0x2 Drivers/STM32F1xx_HAL_Driver/Src/stm32f1xx_hal_uart.o
                0x08002d2c                HAL_UART_TxHalfCpltCallback
 .text.UART_DMATxHalfCplt
                0x08002d2e        0xa Drivers/STM32F1xx_HAL_Driver/Src/stm32f1xx_hal_uart.o
 .text.HAL_UART_RxCpltCallback
                0x08002d38        0x2 Drivers/STM32F1xx_HAL_Driver/Src/stm32f1xx_hal_uart.o
                0x08002d38                HAL_UART_RxCpltCallback
 .text.UART_DMAReceiveCplt
                0x08002d3a       0x3c Drivers/STM32F1xx_HAL_Driver/Src/stm32f1xx_hal_uart.o
 .text.UART_Receive_IT
                0x08002d76       0xb6 Drivers/STM32F1xx_HAL_Driver/Src/stm32f1xx_hal_uart.o
 .text.HAL_UART_RxHalfCpltCallback
                0x08002e2c        0x2 Drivers/STM32F1xx_HAL_Driver/Src/stm32f1xx_hal_uart.o
                0x08002e2c                HAL_UART_RxHalfCpltCallback
 .text.UART_DMARxHalfCplt
                0x08002e2e        0xa Drivers/STM32F1xx_HAL_Driver/Src/stm32f1xx_hal_uart.o
 .text.HAL_UART_ErrorCallback
                0x08002e38        0x2 Drivers/STM32F1xx_HAL_Driver/Src/stm32f1xx_hal_uart.o
                0x08002e38                HAL_UART_ErrorCallback
 .text.UART_DMAError
                0x08002e3a       0x1e Drivers/STM32F1xx_HAL_Driver/Src/stm32f1xx_hal_uart.o
 .text.HAL_UART_IRQHandler
                0x08002e58       0xca Drivers/STM32F1xx_HAL_Driver/Src/stm32f1xx_hal_uart.o
                0x08002e58                HAL_UART_IRQHandler
 *fill*         0x08002f22        0x2 
 .text.A24AA64_Read
                0x08002f24       0x98 Src/A24AA64.o
                0x08002f24                A24AA64_Read
 .text.CRC16    0x08002fbc       0x30 Src/Modbus.o
                0x08002fbc                CRC16
 .text.ModbusWrite
                0x08002fec       0x60 Src/Modbus.o
                0x08002fec                ModbusWrite
 .text.Modbus_Main
                0x0800304c      0x3b8 Src/Modbus.o
                0x0800304c                Modbus_Main
 .text.WIZ5500_Init
                0x08003404      0x104 Src/WIZ5500.o
                0x08003404                WIZ5500_Init
 .text.HAL_I2C_ClearBusyFlagErrata_2_14_7
                0x08003508      0x154 Src/WIZ5500.o
                0x08003508                HAL_I2C_ClearBusyFlagErrata_2_14_7
 .text.default_ip_assign
                0x0800365c       0x30 Src/dhcp.o
                0x0800365c                default_ip_assign
 .text.default_ip_update
                0x0800368c       0x28 Src/dhcp.o
                0x0800368c                default_ip_update
 .text.default_ip_conflict
                0x080036b4       0x24 Src/dhcp.o
                0x080036b4                default_ip_conflict
 .text.makeDHCPMSG
                0x080036d8       0xe8 Src/dhcp.o
                0x080036d8                makeDHCPMSG
 .text.send_DHCP_DISCOVER
                0x080037c0      0x16c Src/dhcp.o
                0x080037c0                send_DHCP_DISCOVER
 .text.send_DHCP_REQUEST
                0x0800392c      0x228 Src/dhcp.o
                0x0800392c                send_DHCP_REQUEST
 .text.send_DHCP_DECLINE
                0x08003b54       0xfc Src/dhcp.o
                0x08003b54                send_DHCP_DECLINE
 .text.parseDHCPMSG
                0x08003c50      0x178 Src/dhcp.o
                0x08003c50                parseDHCPMSG
 .text.check_DHCP_leasedIP
                0x08003dc8       0x68 Src/dhcp.o
                0x08003dc8                check_DHCP_leasedIP
 .text.reset_DHCP_timeout
                0x08003e30       0x18 Src/dhcp.o
                0x08003e30                reset_DHCP_timeout
 .text.check_DHCP_timeout
                0x08003e48       0x90 Src/dhcp.o
                0x08003e48                check_DHCP_timeout
 .text.DHCP_run
                0x08003ed8      0x1a0 Src/dhcp.o
                0x08003ed8                DHCP_run
 .text.DHCP_init
                0x08004078       0xb0 Src/dhcp.o
                0x08004078                DHCP_init
 .text.DHCP_time_handler
                0x08004128       0x10 Src/dhcp.o
                0x08004128                DHCP_time_handler
 .text.getIPfromDHCP
                0x08004138       0x18 Src/dhcp.o
                0x08004138                getIPfromDHCP
 .text.getGWfromDHCP
                0x08004150       0x18 Src/dhcp.o
                0x08004150                getGWfromDHCP
 .text.getSNfromDHCP
                0x08004168       0x18 Src/dhcp.o
                0x08004168                getSNfromDHCP
 .text.getDNSfromDHCP
                0x08004180       0x18 Src/dhcp.o
                0x08004180                getDNSfromDHCP
 .text.MX_DMA_Init
                0x08004198       0x44 Src/dma.o
                0x08004198                MX_DMA_Init
 .text.MX_GPIO_Init
                0x080041dc      0x160 Src/gpio.o
                0x080041dc                MX_GPIO_Init
 .text.MX_I2C1_Init
                0x0800433c       0x44 Src/i2c.o
                0x0800433c                MX_I2C1_Init
 .text.HAL_I2C_MspInit
                0x08004380       0x80 Src/i2c.o
                0x08004380                HAL_I2C_MspInit
 .text.cs_sel   0x08004400       0x14 Src/main.o
                0x08004400                cs_sel
 .text.cs_desel
                0x08004414       0x14 Src/main.o
                0x08004414                cs_desel
 .text.spi_rb   0x08004428       0x24 Src/main.o
                0x08004428                spi_rb
 .text.spi_wb   0x0800444c       0x20 Src/main.o
                0x0800444c                spi_wb
 .text.HAL_GPIO_EXTI_Callback
                0x0800446c        0x2 Src/main.o
                0x0800446c                HAL_GPIO_EXTI_Callback
 *fill*         0x0800446e        0x2 
 .text.HAL_UART_TxCpltCallback
                0x08004470       0x38 Src/main.o
                0x08004470                HAL_UART_TxCpltCallback
 .text._Error_Handler
                0x080044a8        0x2 Src/main.o
                0x080044a8                _Error_Handler
 *fill*         0x080044aa        0x2 
 .text.SystemClock_Config
                0x080044ac       0x8c Src/main.o
                0x080044ac                SystemClock_Config
 .text.main     0x08004538      0x440 Src/main.o
                0x08004538                main
 .text.close    0x08004978       0x64 Src/socket.o
                0x08004978                close
 .text.socket   0x080049dc      0x12c Src/socket.o
                0x080049dc                socket
 .text.listen   0x08004b08       0x76 Src/socket.o
                0x08004b08                listen
 *fill*         0x08004b7e        0x2 
 .text.disconnect
                0x08004b80       0x88 Src/socket.o
                0x08004b80                disconnect
 .text.send     0x08004c08      0x138 Src/socket.o
                0x08004c08                send
 .text.recv     0x08004d40       0xf0 Src/socket.o
                0x08004d40                recv
 .text.sendto   0x08004e30      0x148 Src/socket.o
                0x08004e30                sendto
 .text.recvfrom
                0x08004f78      0x1fc Src/socket.o
                0x08004f78                recvfrom
 .text.getsockopt
                0x08005174      0x15c Src/socket.o
                0x08005174                getsockopt
 .text.MX_SPI2_Init
                0x080052d0       0x48 Src/spi.o
                0x080052d0                MX_SPI2_Init
 .text.HAL_SPI_MspInit
                0x08005318       0xac Src/spi.o
                0x08005318                HAL_SPI_MspInit
 .text.HAL_MspInit
                0x080053c4       0x90 Src/stm32f1xx_hal_msp.o
                0x080053c4                HAL_MspInit
 .text.NMI_Handler
                0x08005454        0x8 Src/stm32f1xx_it.o
                0x08005454                NMI_Handler
 .text.HardFault_Handler
                0x0800545c        0x2 Src/stm32f1xx_it.o
                0x0800545c                HardFault_Handler
 .text.MemManage_Handler
                0x0800545e        0x2 Src/stm32f1xx_it.o
                0x0800545e                MemManage_Handler
 .text.BusFault_Handler
                0x08005460        0x2 Src/stm32f1xx_it.o
                0x08005460                BusFault_Handler
 .text.UsageFault_Handler
                0x08005462        0x2 Src/stm32f1xx_it.o
                0x08005462                UsageFault_Handler
 .text.SVC_Handler
                0x08005464        0x2 Src/stm32f1xx_it.o
                0x08005464                SVC_Handler
 .text.DebugMon_Handler
                0x08005466        0x2 Src/stm32f1xx_it.o
                0x08005466                DebugMon_Handler
 .text.PendSV_Handler
                0x08005468        0x2 Src/stm32f1xx_it.o
                0x08005468                PendSV_Handler
 *fill*         0x0800546a        0x2 
 .text.SysTick_Handler
                0x0800546c       0x2c Src/stm32f1xx_it.o
                0x0800546c                SysTick_Handler
 .text.EXTI1_IRQHandler
                0x08005498        0xa Src/stm32f1xx_it.o
                0x08005498                EXTI1_IRQHandler
 *fill*         0x080054a2        0x2 
 .text.DMA1_Channel4_IRQHandler
                0x080054a4       0x10 Src/stm32f1xx_it.o
                0x080054a4                DMA1_Channel4_IRQHandler
 .text.DMA1_Channel5_IRQHandler
                0x080054b4       0x18 Src/stm32f1xx_it.o
                0x080054b4                DMA1_Channel5_IRQHandler
 .text.USART1_IRQHandler
                0x080054cc       0x10 Src/stm32f1xx_it.o
                0x080054cc                USART1_IRQHandler
 .text.SystemInit
                0x080054dc       0x4c Src/system_stm32f1xx.o
                0x080054dc                SystemInit
 .text.MX_USART1_UART_Init
                0x08005528       0x3c Src/usart.o
                0x08005528                MX_USART1_UART_Init
 .text.HAL_UART_MspInit
                0x08005564      0x188 Src/usart.o
                0x08005564                HAL_UART_MspInit
 .text.WIZCHIP_READ
                0x080056ec       0x3c Src/w5500.o
                0x080056ec                WIZCHIP_READ
 .text.WIZCHIP_WRITE
                0x08005728       0x40 Src/w5500.o
                0x08005728                WIZCHIP_WRITE
 .text.WIZCHIP_READ_BUF
                0x08005768       0x4c Src/w5500.o
                0x08005768                WIZCHIP_READ_BUF
 .text.WIZCHIP_WRITE_BUF
                0x080057b4       0x50 Src/w5500.o
                0x080057b4                WIZCHIP_WRITE_BUF
 .text.getSn_TX_FSR
                0x08005804       0x5e Src/w5500.o
                0x08005804                getSn_TX_FSR
 .text.getSn_RX_RSR
                0x08005862       0x5e Src/w5500.o
                0x08005862                getSn_RX_RSR
 .text.wiz_send_data
                0x080058c0       0x5e Src/w5500.o
                0x080058c0                wiz_send_data
 .text.wiz_recv_data
                0x0800591e       0x5e Src/w5500.o
                0x0800591e                wiz_recv_data
 .text.wiz_recv_ignore
                0x0800597c       0x44 Src/w5500.o
                0x0800597c                wiz_recv_ignore
 .text.wizchip_cris_enter
                0x080059c0        0x2 Src/wizchip_conf.o
                0x080059c0                wizchip_cris_enter
 .text.wizchip_cris_exit
                0x080059c2        0x2 Src/wizchip_conf.o
                0x080059c2                wizchip_cris_exit
 .text.wizchip_cs_select
                0x080059c4        0x2 Src/wizchip_conf.o
                0x080059c4                wizchip_cs_select
 .text.wizchip_cs_deselect
                0x080059c6        0x2 Src/wizchip_conf.o
                0x080059c6                wizchip_cs_deselect
 .text.wizchip_bus_readbyte
                0x080059c8        0x4 Src/wizchip_conf.o
                0x080059c8                wizchip_bus_readbyte
 .text.wizchip_bus_writebyte
                0x080059cc        0x4 Src/wizchip_conf.o
                0x080059cc                wizchip_bus_writebyte
 .text.wizchip_spi_readbyte
                0x080059d0        0x4 Src/wizchip_conf.o
                0x080059d0                wizchip_spi_readbyte
 .text.wizchip_spi_writebyte
                0x080059d4        0x2 Src/wizchip_conf.o
                0x080059d4                wizchip_spi_writebyte
 *fill*         0x080059d6        0x2 
 .text.reg_wizchip_cs_cbfunc
                0x080059d8       0x24 Src/wizchip_conf.o
                0x080059d8                reg_wizchip_cs_cbfunc
 .text.reg_wizchip_spi_cbfunc
                0x080059fc       0x30 Src/wizchip_conf.o
                0x080059fc                reg_wizchip_spi_cbfunc
 .text.wizchip_sw_reset
                0x08005a2c       0x78 Src/wizchip_conf.o
                0x08005a2c                wizchip_sw_reset
 .text.wizchip_init
                0x08005aa4       0x8a Src/wizchip_conf.o
                0x08005aa4                wizchip_init
 *fill*         0x08005b2e        0x2 
 .text.wizchip_setnetinfo
                0x08005b30       0x54 Src/wizchip_conf.o
                0x08005b30                wizchip_setnetinfo
 .text.wizchip_getnetinfo
                0x08005b84       0x54 Src/wizchip_conf.o
                0x08005b84                wizchip_getnetinfo
 .text.wizchip_setnetmode
                0x08005bd8       0x24 Src/wizchip_conf.o
                0x08005bd8                wizchip_setnetmode
 .text.wizchip_getnetmode
                0x08005bfc        0xa Src/wizchip_conf.o
                0x08005bfc                wizchip_getnetmode
 .text.wizchip_settimeout
                0x08005c06       0x26 Src/wizchip_conf.o
                0x08005c06                wizchip_settimeout
 .text.wizchip_gettimeout
                0x08005c2c       0x2c Src/wizchip_conf.o
                0x08005c2c                wizchip_gettimeout
 .text.ctlnetwork
                0x08005c58       0x52 Src/wizchip_conf.o
                0x08005c58                ctlnetwork
 *fill*         0x08005caa        0x2 
 .text.Reset_Handler
                0x08005cac       0x48 startup/startup_stm32f103xe.o
                0x08005cac                Reset_Handler
 .text.Default_Handler
                0x08005cf4        0x2 startup/startup_stm32f103xe.o
                0x08005cf4                RTC_Alarm_IRQHandler
                0x08005cf4                EXTI2_IRQHandler
                0x08005cf4                TIM8_TRG_COM_IRQHandler
                0x08005cf4                TIM8_CC_IRQHandler
                0x08005cf4                TIM1_CC_IRQHandler
                0x08005cf4                TIM6_IRQHandler
                0x08005cf4                PVD_IRQHandler
                0x08005cf4                SDIO_IRQHandler
                0x08005cf4                EXTI3_IRQHandler
                0x08005cf4                EXTI0_IRQHandler
                0x08005cf4                I2C2_EV_IRQHandler
                0x08005cf4                ADC1_2_IRQHandler
                0x08005cf4                SPI1_IRQHandler
                0x08005cf4                TAMPER_IRQHandler
                0x08005cf4                TIM8_UP_IRQHandler
                0x08005cf4                DMA2_Channel2_IRQHandler
                0x08005cf4                USART3_IRQHandler
                0x08005cf4                RTC_IRQHandler
                0x08005cf4                DMA1_Channel7_IRQHandler
                0x08005cf4                CAN1_RX1_IRQHandler
                0x08005cf4                UART5_IRQHandler
                0x08005cf4                ADC3_IRQHandler
                0x08005cf4                TIM4_IRQHandler
                0x08005cf4                DMA2_Channel1_IRQHandler
                0x08005cf4                I2C1_EV_IRQHandler
                0x08005cf4                DMA1_Channel6_IRQHandler
                0x08005cf4                UART4_IRQHandler
                0x08005cf4                TIM3_IRQHandler
                0x08005cf4                RCC_IRQHandler
                0x08005cf4                TIM1_TRG_COM_IRQHandler
                0x08005cf4                DMA1_Channel1_IRQHandler
                0x08005cf4                Default_Handler
                0x08005cf4                EXTI15_10_IRQHandler
                0x08005cf4                TIM7_IRQHandler
                0x08005cf4                TIM5_IRQHandler
                0x08005cf4                EXTI9_5_IRQHandler
                0x08005cf4                SPI2_IRQHandler
                0x08005cf4                EXTI4_IRQHandler
                0x08005cf4                USB_LP_CAN1_RX0_IRQHandler
                0x08005cf4                USB_HP_CAN1_TX_IRQHandler
                0x08005cf4                DMA1_Channel3_IRQHandler
                0x08005cf4                FSMC_IRQHandler
                0x08005cf4                TIM1_UP_IRQHandler
                0x08005cf4                WWDG_IRQHandler
                0x08005cf4                TIM2_IRQHandler
                0x08005cf4                TIM1_BRK_IRQHandler
                0x08005cf4                DMA2_Channel4_5_IRQHandler
                0x08005cf4                USART2_IRQHandler
                0x08005cf4                I2C2_ER_IRQHandler
                0x08005cf4                DMA1_Channel2_IRQHandler
                0x08005cf4                TIM8_BRK_IRQHandler
                0x08005cf4                CAN1_SCE_IRQHandler
                0x08005cf4                FLASH_IRQHandler
                0x08005cf4                SPI3_IRQHandler
                0x08005cf4                I2C1_ER_IRQHandler
                0x08005cf4                USBWakeUp_IRQHandler
                0x08005cf4                DMA2_Channel3_IRQHandler
 *fill*         0x08005cf6        0x2 
 .text.__libc_init_array
                0x08005cf8       0x48 c:/ac6/systemworkbench/plugins/fr.ac6.mcu.externaltools.arm-none.win32_1.15.0.201708311556/tools/compiler/bin/../lib/gcc/arm-none-eabi/6.3.1/../../../../arm-none-eabi/lib/thumb/v7-m\libc_nano.a(lib_a-init.o)
                0x08005cf8                __libc_init_array
 *(.glue_7)
 .glue_7        0x08005d40        0x0 linker stubs
 *(.glue_7t)
 .glue_7t       0x08005d40        0x0 linker stubs
 *(.eh_frame)
 .eh_frame      0x08005d40        0x0 c:/ac6/systemworkbench/plugins/fr.ac6.mcu.externaltools.arm-none.win32_1.15.0.201708311556/tools/compiler/bin/../lib/gcc/arm-none-eabi/6.3.1/thumb/v7-m/crtbegin.o
 *(.init)
 .init          0x08005d40        0x4 c:/ac6/systemworkbench/plugins/fr.ac6.mcu.externaltools.arm-none.win32_1.15.0.201708311556/tools/compiler/bin/../lib/gcc/arm-none-eabi/6.3.1/thumb/v7-m/crti.o
                0x08005d40                _init
 .init          0x08005d44        0x8 c:/ac6/systemworkbench/plugins/fr.ac6.mcu.externaltools.arm-none.win32_1.15.0.201708311556/tools/compiler/bin/../lib/gcc/arm-none-eabi/6.3.1/thumb/v7-m/crtn.o
 *(.fini)
 .fini          0x08005d4c        0x4 c:/ac6/systemworkbench/plugins/fr.ac6.mcu.externaltools.arm-none.win32_1.15.0.201708311556/tools/compiler/bin/../lib/gcc/arm-none-eabi/6.3.1/thumb/v7-m/crti.o
                0x08005d4c                _fini
 .fini          0x08005d50        0x8 c:/ac6/systemworkbench/plugins/fr.ac6.mcu.externaltools.arm-none.win32_1.15.0.201708311556/tools/compiler/bin/../lib/gcc/arm-none-eabi/6.3.1/thumb/v7-m/crtn.o
                0x08005d58                . = ALIGN (0x4)
                0x08005d58                _etext = .

.vfp11_veneer   0x08005d58        0x0
 .vfp11_veneer  0x08005d58        0x0 linker stubs

.v4_bx          0x08005d58        0x0
 .v4_bx         0x08005d58        0x0 linker stubs

.iplt           0x08005d58        0x0
 .iplt          0x08005d58        0x0 c:/ac6/systemworkbench/plugins/fr.ac6.mcu.externaltools.arm-none.win32_1.15.0.201708311556/tools/compiler/bin/../lib/gcc/arm-none-eabi/6.3.1/thumb/v7-m/crtbegin.o

.rodata         0x08005d58      0x284
                0x08005d58                . = ALIGN (0x4)
 *(.rodata)
 .rodata        0x08005d58       0x12 Drivers/STM32F1xx_HAL_Driver/Src/stm32f1xx_hal_rcc.o
 *fill*         0x08005d6a        0x2 
 .rodata        0x08005d6c      0x200 Src/Modbus.o
 .rodata        0x08005f6c        0x4 Src/main.o
 .rodata        0x08005f70       0x18 Src/system_stm32f1xx.o
                0x08005f70                AHBPrescTable
                0x08005f80                APBPrescTable
 *(.rodata*)
 .rodata.str1.4
                0x08005f88       0x12 Src/dhcp.o
 *fill*         0x08005f9a        0x2 
 .rodata.str1.4
                0x08005f9c        0xd Src/i2c.o
 *fill*         0x08005fa9        0x3 
 .rodata.str1.4
                0x08005fac        0xe Src/main.o
 *fill*         0x08005fba        0x2 
 .rodata.str1.4
                0x08005fbc        0xd Src/spi.o
 *fill*         0x08005fc9        0x3 
 .rodata.str1.4
                0x08005fcc       0x10 Src/usart.o
                                  0xf (size before relaxing)
                0x08005fdc                . = ALIGN (0x4)

.rel.dyn        0x08005fdc        0x0
 .rel.iplt      0x08005fdc        0x0 c:/ac6/systemworkbench/plugins/fr.ac6.mcu.externaltools.arm-none.win32_1.15.0.201708311556/tools/compiler/bin/../lib/gcc/arm-none-eabi/6.3.1/thumb/v7-m/crtbegin.o

.ARM.extab
 *(.ARM.extab* .gnu.linkonce.armextab.*)

.ARM            0x08005fdc        0x0
                0x08005fdc                __exidx_start = .
 *(.ARM.exidx*)
                0x08005fdc                __exidx_end = .

.preinit_array  0x08005fdc        0x0
                0x08005fdc                PROVIDE (__preinit_array_start, .)
 *(.preinit_array*)
                0x08005fdc                PROVIDE (__preinit_array_end, .)

.init_array     0x08005fdc        0x4
                0x08005fdc                PROVIDE (__init_array_start, .)
 *(SORT(.init_array.*))
 *(.init_array*)
 .init_array    0x08005fdc        0x4 c:/ac6/systemworkbench/plugins/fr.ac6.mcu.externaltools.arm-none.win32_1.15.0.201708311556/tools/compiler/bin/../lib/gcc/arm-none-eabi/6.3.1/thumb/v7-m/crtbegin.o
                0x08005fe0                PROVIDE (__init_array_end, .)

.fini_array     0x08005fe0        0x4
                [!provide]                PROVIDE (__fini_array_start, .)
 *(SORT(.fini_array.*))
 *(.fini_array*)
 .fini_array    0x08005fe0        0x4 c:/ac6/systemworkbench/plugins/fr.ac6.mcu.externaltools.arm-none.win32_1.15.0.201708311556/tools/compiler/bin/../lib/gcc/arm-none-eabi/6.3.1/thumb/v7-m/crtbegin.o
                [!provide]                PROVIDE (__fini_array_end, .)
                0x08005fe4                _sidata = LOADADDR (.data)

.data           0x20000000       0x44 load address 0x08005fe4
                0x20000000                . = ALIGN (0x4)
                0x20000000                _sdata = .
 *(.data)
 .data          0x20000000       0x1c Src/dhcp.o
                0x20000000                dhcp_ip_assign
                0x20000004                dhcp_ip_update
                0x20000008                dhcp_ip_conflict
                0x2000000c                HOST_NAME
                0x20000014                dhcp_lease_time
                0x20000018                dhcp_tick_next
 .data          0x2000001c        0x1 Src/main.o
                0x2000001c                netconfig
 *fill*         0x2000001d        0x1 
 .data          0x2000001e        0x2 Src/socket.o
 .data          0x20000020        0x4 Src/system_stm32f1xx.o
                0x20000020                SystemCoreClock
 .data          0x20000024       0x20 Src/wizchip_conf.o
                0x20000024                WIZCHIP
 *(.data*)
                0x20000044                . = ALIGN (0x4)
                0x20000044                _edata = .

.jcr            0x20000044        0x0 load address 0x08006028
 .jcr           0x20000044        0x0 c:/ac6/systemworkbench/plugins/fr.ac6.mcu.externaltools.arm-none.win32_1.15.0.201708311556/tools/compiler/bin/../lib/gcc/arm-none-eabi/6.3.1/thumb/v7-m/crtbegin.o

.igot.plt       0x20000044        0x0 load address 0x08006028
 .igot.plt      0x20000044        0x0 c:/ac6/systemworkbench/plugins/fr.ac6.mcu.externaltools.arm-none.win32_1.15.0.201708311556/tools/compiler/bin/../lib/gcc/arm-none-eabi/6.3.1/thumb/v7-m/crtbegin.o
                0x20000044                . = ALIGN (0x4)

.bss            0x20000044      0xc74 load address 0x08006028
                0x20000044                _sbss = .
                0x20000044                __bss_start__ = _sbss
 *(.bss)
 .bss           0x20000044       0x1c c:/ac6/systemworkbench/plugins/fr.ac6.mcu.externaltools.arm-none.win32_1.15.0.201708311556/tools/compiler/bin/../lib/gcc/arm-none-eabi/6.3.1/thumb/v7-m/crtbegin.o
 .bss           0x20000060        0x4 Drivers/STM32F1xx_HAL_Driver/Src/stm32f1xx_hal.o
 .bss           0x20000064        0x1 Drivers/STM32F1xx_HAL_Driver/Src/stm32f1xx_hal_spi_ex.o
                0x20000064                uCRCErrorWorkaroundCheck
 *fill*         0x20000065        0x3 
 .bss           0x20000068       0x20 Src/dhcp.o
                0x20000068                DHCP_allocated_ip
                0x2000006c                DHCP_allocated_sn
                0x20000070                DHCP_allocated_gw
                0x20000074                dhcp_state
                0x20000078                DHCP_allocated_dns
                0x2000007c                dhcp_tick_1s
                0x20000080                dhcp_retry_count
                0x20000084                OLD_allocated_ip
 .bss           0x20000088        0x4 Src/main.o
                0x20000088                SysTickTimer
 .bss           0x2000008c       0x1e Src/socket.o
 *fill*         0x200000aa        0x2 
 .bss           0x200000ac        0x5 Src/wizchip_conf.o
 *(.bss*)
 *(COMMON)
 *fill*         0x200000b1        0x3 
 COMMON         0x200000b4       0x19 Src/A24AA64.o
                0x200000b4                A24AA64
 *fill*         0x200000cd        0x3 
 COMMON         0x200000d0      0x123 Src/Modbus.o
                0x200000d0                Modbus_Counter_DMA_Tx_index
                0x200000d4                Modbus_Buffor_Tab
                0x200000e8                Modbus_Flaga_DMA_Rx
                0x200000ec                ModbusTCP
                0x200001f0                Modbus_Counter_DMA_Tx
                0x200001f1                Modbus_Buffor_Temp
                0x200001f2                Modbus_index
 *fill*         0x200001f3        0x1 
 COMMON         0x200001f4      0x852 Src/WIZ5500.o
                0x200001f4                gDATABUFDHCP
                0x200009f4                WIZ_SPI_DATA_RECESIVE
                0x20000a00                Main_WIZ5500
                0x20000a14                WIZ_SPI_DATA_SEND
 *fill*         0x20000a46        0x2 
 COMMON         0x20000a48       0x15 Src/dhcp.o
                0x20000a48                DHCP_CHADDR
                0x20000a50                DHCP_XID
                0x20000a54                DHCP_SIP
                0x20000a58                pDHCPMSG
                0x20000a5c                DHCP_SOCKET
 *fill*         0x20000a5d        0x3 
 COMMON         0x20000a60       0x78 Src/i2c.o
                0x20000a60                hi2c1
                0x20000a9c                hi2c2
 COMMON         0x20000ad8       0xb0 Src/spi.o
                0x20000ad8                hspi2
                0x20000b30                hspi1
 COMMON         0x20000b88      0x130 Src/usart.o
                0x20000b88                huart3
                0x20000bc8                hdma_usart1_tx
                0x20000c00                hdma_usart1_rx
                0x20000c38                huart1
                0x20000c78                huart2
                0x20000cb8                . = ALIGN (0x4)
                0x20000cb8                _ebss = .
                0x20000cb8                __bss_end__ = _ebss

._user_heap_stack
                0x20000cb8      0x600 load address 0x08006028
                0x20000cb8                . = ALIGN (0x8)
                [!provide]                PROVIDE (end, .)
                [!provide]                PROVIDE (_end, .)
                0x20000eb8                . = (. + _Min_Heap_Size)
 *fill*         0x20000cb8      0x200 
                0x200012b8                . = (. + _Min_Stack_Size)
 *fill*         0x20000eb8      0x400 
                0x200012b8                . = ALIGN (0x8)

/DISCARD/
 libc.a(*)
 libm.a(*)
 libgcc.a(*)

.ARM.attributes
                0x00000000       0x29
 *(.ARM.attributes)
 .ARM.attributes
                0x00000000       0x1d c:/ac6/systemworkbench/plugins/fr.ac6.mcu.externaltools.arm-none.win32_1.15.0.201708311556/tools/compiler/bin/../lib/gcc/arm-none-eabi/6.3.1/thumb/v7-m/crti.o
 .ARM.attributes
                0x0000001d       0x2d c:/ac6/systemworkbench/plugins/fr.ac6.mcu.externaltools.arm-none.win32_1.15.0.201708311556/tools/compiler/bin/../lib/gcc/arm-none-eabi/6.3.1/thumb/v7-m/crtbegin.o
 .ARM.attributes
                0x0000004a       0x33 Drivers/STM32F1xx_HAL_Driver/Src/stm32f1xx_hal.o
 .ARM.attributes
                0x0000007d       0x33 Drivers/STM32F1xx_HAL_Driver/Src/stm32f1xx_hal_cortex.o
 .ARM.attributes
                0x000000b0       0x33 Drivers/STM32F1xx_HAL_Driver/Src/stm32f1xx_hal_dma.o
 .ARM.attributes
                0x000000e3       0x33 Drivers/STM32F1xx_HAL_Driver/Src/stm32f1xx_hal_gpio.o
 .ARM.attributes
                0x00000116       0x33 Drivers/STM32F1xx_HAL_Driver/Src/stm32f1xx_hal_i2c.o
 .ARM.attributes
                0x00000149       0x33 Drivers/STM32F1xx_HAL_Driver/Src/stm32f1xx_hal_rcc.o
 .ARM.attributes
                0x0000017c       0x33 Drivers/STM32F1xx_HAL_Driver/Src/stm32f1xx_hal_spi.o
 .ARM.attributes
                0x000001af       0x33 Drivers/STM32F1xx_HAL_Driver/Src/stm32f1xx_hal_spi_ex.o
 .ARM.attributes
                0x000001e2       0x33 Drivers/STM32F1xx_HAL_Driver/Src/stm32f1xx_hal_uart.o
 .ARM.attributes
                0x00000215       0x33 Src/A24AA64.o
 .ARM.attributes
                0x00000248       0x33 Src/Modbus.o
 .ARM.attributes
                0x0000027b       0x33 Src/WIZ5500.o
 .ARM.attributes
                0x000002ae       0x33 Src/dhcp.o
 .ARM.attributes
                0x000002e1       0x33 Src/dma.o
 .ARM.attributes
                0x00000314       0x33 Src/gpio.o
 .ARM.attributes
                0x00000347       0x33 Src/i2c.o
 .ARM.attributes
                0x0000037a       0x33 Src/main.o
 .ARM.attributes
                0x000003ad       0x33 Src/socket.o
 .ARM.attributes
                0x000003e0       0x33 Src/spi.o
 .ARM.attributes
                0x00000413       0x33 Src/stm32f1xx_hal_msp.o
 .ARM.attributes
                0x00000446       0x33 Src/stm32f1xx_it.o
 .ARM.attributes
                0x00000479       0x33 Src/system_stm32f1xx.o
 .ARM.attributes
                0x000004ac       0x33 Src/usart.o
 .ARM.attributes
                0x000004df       0x33 Src/w5500.o
 .ARM.attributes
                0x00000512       0x33 Src/wizchip_conf.o
 .ARM.attributes
                0x00000545       0x21 startup/startup_stm32f103xe.o
 .ARM.attributes
                0x00000566       0x2d c:/ac6/systemworkbench/plugins/fr.ac6.mcu.externaltools.arm-none.win32_1.15.0.201708311556/tools/compiler/bin/../lib/gcc/arm-none-eabi/6.3.1/../../../../arm-none-eabi/lib/thumb/v7-m\libc_nano.a(lib_a-init.o)
 .ARM.attributes
                0x00000593       0x1d c:/ac6/systemworkbench/plugins/fr.ac6.mcu.externaltools.arm-none.win32_1.15.0.201708311556/tools/compiler/bin/../lib/gcc/arm-none-eabi/6.3.1/thumb/v7-m/crtn.o
OUTPUT(ISSK_ETH_V1_1.elf elf32-littlearm)

.debug_info     0x00000000    0x1f378
 .debug_info    0x00000000      0xf80 Drivers/STM32F1xx_HAL_Driver/Src/stm32f1xx_hal.o
 .debug_info    0x00000f80     0x14e6 Drivers/STM32F1xx_HAL_Driver/Src/stm32f1xx_hal_cortex.o
 .debug_info    0x00002466      0xe9a Drivers/STM32F1xx_HAL_Driver/Src/stm32f1xx_hal_dma.o
 .debug_info    0x00003300      0xe8b Drivers/STM32F1xx_HAL_Driver/Src/stm32f1xx_hal_gpio.o
 .debug_info    0x0000418b     0x32ef Drivers/STM32F1xx_HAL_Driver/Src/stm32f1xx_hal_i2c.o
 .debug_info    0x0000747a     0x1ac1 Drivers/STM32F1xx_HAL_Driver/Src/stm32f1xx_hal_rcc.o
 .debug_info    0x00008f3b     0x1df3 Drivers/STM32F1xx_HAL_Driver/Src/stm32f1xx_hal_spi.o
 .debug_info    0x0000ad2e      0xe1c Drivers/STM32F1xx_HAL_Driver/Src/stm32f1xx_hal_spi_ex.o
 .debug_info    0x0000bb4a     0x195e Drivers/STM32F1xx_HAL_Driver/Src/stm32f1xx_hal_uart.o
 .debug_info    0x0000d4a8     0x1185 Src/A24AA64.o
 .debug_info    0x0000e62d     0x171f Src/Modbus.o
 .debug_info    0x0000fd4c     0x15ba Src/WIZ5500.o
 .debug_info    0x00011306      0xe71 Src/dhcp.o
 .debug_info    0x00012177      0xc30 Src/dma.o
 .debug_info    0x00012da7      0xed3 Src/gpio.o
 .debug_info    0x00013c7a     0x1099 Src/i2c.o
 .debug_info    0x00014d13     0x23db Src/main.o
 .debug_info    0x000170ee     0x129f Src/socket.o
 .debug_info    0x0001838d     0x10fb Src/spi.o
 .debug_info    0x00019488      0xd21 Src/stm32f1xx_hal_msp.o
 .debug_info    0x0001a1a9      0xf54 Src/stm32f1xx_it.o
 .debug_info    0x0001b0fd      0xc1b Src/system_stm32f1xx.o
 .debug_info    0x0001bd18     0x1486 Src/usart.o
 .debug_info    0x0001d19e      0xfef Src/w5500.o
 .debug_info    0x0001e18d     0x1158 Src/wizchip_conf.o
 .debug_info    0x0001f2e5       0x93 startup/startup_stm32f103xe.o

.debug_abbrev   0x00000000     0x42ab
 .debug_abbrev  0x00000000      0x336 Drivers/STM32F1xx_HAL_Driver/Src/stm32f1xx_hal.o
 .debug_abbrev  0x00000336      0x3af Drivers/STM32F1xx_HAL_Driver/Src/stm32f1xx_hal_cortex.o
 .debug_abbrev  0x000006e5      0x2c5 Drivers/STM32F1xx_HAL_Driver/Src/stm32f1xx_hal_dma.o
 .debug_abbrev  0x000009aa      0x2a5 Drivers/STM32F1xx_HAL_Driver/Src/stm32f1xx_hal_gpio.o
 .debug_abbrev  0x00000c4f      0x2ee Drivers/STM32F1xx_HAL_Driver/Src/stm32f1xx_hal_i2c.o
 .debug_abbrev  0x00000f3d      0x347 Drivers/STM32F1xx_HAL_Driver/Src/stm32f1xx_hal_rcc.o
 .debug_abbrev  0x00001284      0x2ee Drivers/STM32F1xx_HAL_Driver/Src/stm32f1xx_hal_spi.o
 .debug_abbrev  0x00001572      0x218 Drivers/STM32F1xx_HAL_Driver/Src/stm32f1xx_hal_spi_ex.o
 .debug_abbrev  0x0000178a      0x2fb Drivers/STM32F1xx_HAL_Driver/Src/stm32f1xx_hal_uart.o
 .debug_abbrev  0x00001a85      0x22d Src/A24AA64.o
 .debug_abbrev  0x00001cb2      0x2c0 Src/Modbus.o
 .debug_abbrev  0x00001f72      0x28a Src/WIZ5500.o
 .debug_abbrev  0x000021fc      0x2ac Src/dhcp.o
 .debug_abbrev  0x000024a8      0x232 Src/dma.o
 .debug_abbrev  0x000026da      0x232 Src/gpio.o
 .debug_abbrev  0x0000290c      0x256 Src/i2c.o
 .debug_abbrev  0x00002b62      0x39d Src/main.o
 .debug_abbrev  0x00002eff      0x230 Src/socket.o
 .debug_abbrev  0x0000312f      0x256 Src/spi.o
 .debug_abbrev  0x00003385      0x232 Src/stm32f1xx_hal_msp.o
 .debug_abbrev  0x000035b7      0x26a Src/stm32f1xx_it.o
 .debug_abbrev  0x00003821      0x226 Src/system_stm32f1xx.o
 .debug_abbrev  0x00003a47      0x27b Src/usart.o
 .debug_abbrev  0x00003cc2      0x2e0 Src/w5500.o
 .debug_abbrev  0x00003fa2      0x2f7 Src/wizchip_conf.o
 .debug_abbrev  0x00004299       0x12 startup/startup_stm32f103xe.o

.debug_loc      0x00000000     0xa106
 .debug_loc     0x00000000       0x81 Drivers/STM32F1xx_HAL_Driver/Src/stm32f1xx_hal.o
 .debug_loc     0x00000081      0x5ad Drivers/STM32F1xx_HAL_Driver/Src/stm32f1xx_hal_cortex.o
 .debug_loc     0x0000062e      0x3f6 Drivers/STM32F1xx_HAL_Driver/Src/stm32f1xx_hal_dma.o
 .debug_loc     0x00000a24      0x40b Drivers/STM32F1xx_HAL_Driver/Src/stm32f1xx_hal_gpio.o
 .debug_loc     0x00000e2f     0x2e3f Drivers/STM32F1xx_HAL_Driver/Src/stm32f1xx_hal_i2c.o
 .debug_loc     0x00003c6e      0x8e7 Drivers/STM32F1xx_HAL_Driver/Src/stm32f1xx_hal_rcc.o
 .debug_loc     0x00004555     0x14b4 Drivers/STM32F1xx_HAL_Driver/Src/stm32f1xx_hal_spi.o
 .debug_loc     0x00005a09       0xb9 Drivers/STM32F1xx_HAL_Driver/Src/stm32f1xx_hal_spi_ex.o
 .debug_loc     0x00005ac2     0x1188 Drivers/STM32F1xx_HAL_Driver/Src/stm32f1xx_hal_uart.o
 .debug_loc     0x00006c4a      0x4d8 Src/Modbus.o
 .debug_loc     0x00007122       0x2c Src/WIZ5500.o
 .debug_loc     0x0000714e      0xa7d Src/dhcp.o
 .debug_loc     0x00007bcb       0xa6 Src/i2c.o
 .debug_loc     0x00007c71       0xe6 Src/main.o
 .debug_loc     0x00007d57     0x1206 Src/socket.o
 .debug_loc     0x00008f5d       0xa6 Src/spi.o
 .debug_loc     0x00009003       0xdf Src/system_stm32f1xx.o
 .debug_loc     0x000090e2       0xd2 Src/usart.o
 .debug_loc     0x000091b4      0x520 Src/w5500.o
 .debug_loc     0x000096d4      0xa32 Src/wizchip_conf.o

.debug_aranges  0x00000000      0xcf0
 .debug_aranges
                0x00000000       0xb0 Drivers/STM32F1xx_HAL_Driver/Src/stm32f1xx_hal.o
 .debug_aranges
                0x000000b0       0x90 Drivers/STM32F1xx_HAL_Driver/Src/stm32f1xx_hal_cortex.o
 .debug_aranges
                0x00000140       0x68 Drivers/STM32F1xx_HAL_Driver/Src/stm32f1xx_hal_dma.o
 .debug_aranges
                0x000001a8       0x58 Drivers/STM32F1xx_HAL_Driver/Src/stm32f1xx_hal_gpio.o
 .debug_aranges
                0x00000200      0x218 Drivers/STM32F1xx_HAL_Driver/Src/stm32f1xx_hal_i2c.o
 .debug_aranges
                0x00000418       0x88 Drivers/STM32F1xx_HAL_Driver/Src/stm32f1xx_hal_rcc.o
 .debug_aranges
                0x000004a0      0x158 Drivers/STM32F1xx_HAL_Driver/Src/stm32f1xx_hal_spi.o
 .debug_aranges
                0x000005f8       0x28 Drivers/STM32F1xx_HAL_Driver/Src/stm32f1xx_hal_spi_ex.o
 .debug_aranges
                0x00000620      0x150 Drivers/STM32F1xx_HAL_Driver/Src/stm32f1xx_hal_uart.o
 .debug_aranges
                0x00000770       0x28 Src/A24AA64.o
 .debug_aranges
                0x00000798       0x30 Src/Modbus.o
 .debug_aranges
                0x000007c8       0x30 Src/WIZ5500.o
 .debug_aranges
                0x000007f8       0xc0 Src/dhcp.o
 .debug_aranges
                0x000008b8       0x20 Src/dma.o
 .debug_aranges
                0x000008d8       0x20 Src/gpio.o
 .debug_aranges
                0x000008f8       0x38 Src/i2c.o
 .debug_aranges
                0x00000930       0x60 Src/main.o
 .debug_aranges
                0x00000990       0x78 Src/socket.o
 .debug_aranges
                0x00000a08       0x38 Src/spi.o
 .debug_aranges
                0x00000a40       0x20 Src/stm32f1xx_hal_msp.o
 .debug_aranges
                0x00000a60       0x80 Src/stm32f1xx_it.o
 .debug_aranges
                0x00000ae0       0x28 Src/system_stm32f1xx.o
 .debug_aranges
                0x00000b08       0x40 Src/usart.o
 .debug_aranges
                0x00000b48       0x60 Src/w5500.o
 .debug_aranges
                0x00000ba8      0x120 Src/wizchip_conf.o
 .debug_aranges
                0x00000cc8       0x28 startup/startup_stm32f103xe.o

.debug_ranges   0x00000000      0xbd0
 .debug_ranges  0x00000000       0xa0 Drivers/STM32F1xx_HAL_Driver/Src/stm32f1xx_hal.o
 .debug_ranges  0x000000a0       0xe0 Drivers/STM32F1xx_HAL_Driver/Src/stm32f1xx_hal_cortex.o
 .debug_ranges  0x00000180       0x58 Drivers/STM32F1xx_HAL_Driver/Src/stm32f1xx_hal_dma.o
 .debug_ranges  0x000001d8       0x48 Drivers/STM32F1xx_HAL_Driver/Src/stm32f1xx_hal_gpio.o
 .debug_ranges  0x00000220      0x208 Drivers/STM32F1xx_HAL_Driver/Src/stm32f1xx_hal_i2c.o
 .debug_ranges  0x00000428       0x78 Drivers/STM32F1xx_HAL_Driver/Src/stm32f1xx_hal_rcc.o
 .debug_ranges  0x000004a0      0x148 Drivers/STM32F1xx_HAL_Driver/Src/stm32f1xx_hal_spi.o
 .debug_ranges  0x000005e8       0x18 Drivers/STM32F1xx_HAL_Driver/Src/stm32f1xx_hal_spi_ex.o
 .debug_ranges  0x00000600      0x140 Drivers/STM32F1xx_HAL_Driver/Src/stm32f1xx_hal_uart.o
 .debug_ranges  0x00000740       0x18 Src/A24AA64.o
 .debug_ranges  0x00000758       0x20 Src/Modbus.o
 .debug_ranges  0x00000778       0x20 Src/WIZ5500.o
 .debug_ranges  0x00000798       0xb0 Src/dhcp.o
 .debug_ranges  0x00000848       0x10 Src/dma.o
 .debug_ranges  0x00000858       0x10 Src/gpio.o
 .debug_ranges  0x00000868       0x28 Src/i2c.o
 .debug_ranges  0x00000890       0x68 Src/main.o
 .debug_ranges  0x000008f8       0x68 Src/socket.o
 .debug_ranges  0x00000960       0x28 Src/spi.o
 .debug_ranges  0x00000988       0x10 Src/stm32f1xx_hal_msp.o
 .debug_ranges  0x00000998       0x70 Src/stm32f1xx_it.o
 .debug_ranges  0x00000a08       0x18 Src/system_stm32f1xx.o
 .debug_ranges  0x00000a20       0x30 Src/usart.o
 .debug_ranges  0x00000a50       0x50 Src/w5500.o
 .debug_ranges  0x00000aa0      0x110 Src/wizchip_conf.o
 .debug_ranges  0x00000bb0       0x20 startup/startup_stm32f103xe.o

.debug_macro    0x00000000    0x1cf22
 .debug_macro   0x00000000      0x309 Drivers/STM32F1xx_HAL_Driver/Src/stm32f1xx_hal.o
 .debug_macro   0x00000309      0x8bc Drivers/STM32F1xx_HAL_Driver/Src/stm32f1xx_hal.o
 .debug_macro   0x00000bc5      0x112 Drivers/STM32F1xx_HAL_Driver/Src/stm32f1xx_hal.o
 .debug_macro   0x00000cd7      0x16d Drivers/STM32F1xx_HAL_Driver/Src/stm32f1xx_hal.o
 .debug_macro   0x00000e44       0x2e Drivers/STM32F1xx_HAL_Driver/Src/stm32f1xx_hal.o
 .debug_macro   0x00000e72       0x22 Drivers/STM32F1xx_HAL_Driver/Src/stm32f1xx_hal.o
 .debug_macro   0x00000e94       0x22 Drivers/STM32F1xx_HAL_Driver/Src/stm32f1xx_hal.o
 .debug_macro   0x00000eb6       0x87 Drivers/STM32F1xx_HAL_Driver/Src/stm32f1xx_hal.o
 .debug_macro   0x00000f3d       0x51 Drivers/STM32F1xx_HAL_Driver/Src/stm32f1xx_hal.o
 .debug_macro   0x00000f8e       0xef Drivers/STM32F1xx_HAL_Driver/Src/stm32f1xx_hal.o
 .debug_macro   0x0000107d       0x6a Drivers/STM32F1xx_HAL_Driver/Src/stm32f1xx_hal.o
 .debug_macro   0x000010e7      0x1df Drivers/STM32F1xx_HAL_Driver/Src/stm32f1xx_hal.o
 .debug_macro   0x000012c6       0x34 Drivers/STM32F1xx_HAL_Driver/Src/stm32f1xx_hal.o
 .debug_macro   0x000012fa       0x34 Drivers/STM32F1xx_HAL_Driver/Src/stm32f1xx_hal.o
 .debug_macro   0x0000132e      0xb8e Drivers/STM32F1xx_HAL_Driver/Src/stm32f1xx_hal.o
 .debug_macro   0x00001ebc    0x1075d Drivers/STM32F1xx_HAL_Driver/Src/stm32f1xx_hal.o
 .debug_macro   0x00012619       0x43 Drivers/STM32F1xx_HAL_Driver/Src/stm32f1xx_hal.o
 .debug_macro   0x0001265c     0x3383 Drivers/STM32F1xx_HAL_Driver/Src/stm32f1xx_hal.o
 .debug_macro   0x000159df       0x58 Drivers/STM32F1xx_HAL_Driver/Src/stm32f1xx_hal.o
 .debug_macro   0x00015a37       0x35 Drivers/STM32F1xx_HAL_Driver/Src/stm32f1xx_hal.o
 .debug_macro   0x00015a6c       0x9c Drivers/STM32F1xx_HAL_Driver/Src/stm32f1xx_hal.o
 .debug_macro   0x00015b08       0x16 Drivers/STM32F1xx_HAL_Driver/Src/stm32f1xx_hal.o
 .debug_macro   0x00015b1e       0x97 Drivers/STM32F1xx_HAL_Driver/Src/stm32f1xx_hal.o
 .debug_macro   0x00015bb5      0x330 Drivers/STM32F1xx_HAL_Driver/Src/stm32f1xx_hal.o
 .debug_macro   0x00015ee5       0xfd Drivers/STM32F1xx_HAL_Driver/Src/stm32f1xx_hal.o
 .debug_macro   0x00015fe2       0x10 Drivers/STM32F1xx_HAL_Driver/Src/stm32f1xx_hal.o
 .debug_macro   0x00015ff2       0x58 Drivers/STM32F1xx_HAL_Driver/Src/stm32f1xx_hal.o
 .debug_macro   0x0001604a       0x1f Drivers/STM32F1xx_HAL_Driver/Src/stm32f1xx_hal.o
 .debug_macro   0x00016069       0x43 Drivers/STM32F1xx_HAL_Driver/Src/stm32f1xx_hal.o
 .debug_macro   0x000160ac       0x20 Drivers/STM32F1xx_HAL_Driver/Src/stm32f1xx_hal.o
 .debug_macro   0x000160cc      0x187 Drivers/STM32F1xx_HAL_Driver/Src/stm32f1xx_hal.o
 .debug_macro   0x00016253       0x10 Drivers/STM32F1xx_HAL_Driver/Src/stm32f1xx_hal.o
 .debug_macro   0x00016263       0x1c Drivers/STM32F1xx_HAL_Driver/Src/stm32f1xx_hal.o
 .debug_macro   0x0001627f       0x52 Drivers/STM32F1xx_HAL_Driver/Src/stm32f1xx_hal.o
 .debug_macro   0x000162d1       0x40 Drivers/STM32F1xx_HAL_Driver/Src/stm32f1xx_hal.o
 .debug_macro   0x00016311       0x10 Drivers/STM32F1xx_HAL_Driver/Src/stm32f1xx_hal.o
 .debug_macro   0x00016321       0x40 Drivers/STM32F1xx_HAL_Driver/Src/stm32f1xx_hal.o
 .debug_macro   0x00016361       0xd7 Drivers/STM32F1xx_HAL_Driver/Src/stm32f1xx_hal.o
 .debug_macro   0x00016438       0x16 Drivers/STM32F1xx_HAL_Driver/Src/stm32f1xx_hal.o
 .debug_macro   0x0001644e      0x18b Drivers/STM32F1xx_HAL_Driver/Src/stm32f1xx_hal.o
 .debug_macro   0x000165d9       0x50 Drivers/STM32F1xx_HAL_Driver/Src/stm32f1xx_hal.o
 .debug_macro   0x00016629      0x778 Drivers/STM32F1xx_HAL_Driver/Src/stm32f1xx_hal.o
 .debug_macro   0x00016da1      0x4d7 Drivers/STM32F1xx_HAL_Driver/Src/stm32f1xx_hal.o
 .debug_macro   0x00017278      0x141 Drivers/STM32F1xx_HAL_Driver/Src/stm32f1xx_hal.o
 .debug_macro   0x000173b9      0x1cf Drivers/STM32F1xx_HAL_Driver/Src/stm32f1xx_hal.o
 .debug_macro   0x00017588      0x1ae Drivers/STM32F1xx_HAL_Driver/Src/stm32f1xx_hal.o
 .debug_macro   0x00017736       0x2a Drivers/STM32F1xx_HAL_Driver/Src/stm32f1xx_hal.o
 .debug_macro   0x00017760       0x3c Drivers/STM32F1xx_HAL_Driver/Src/stm32f1xx_hal.o
 .debug_macro   0x0001779c       0x57 Drivers/STM32F1xx_HAL_Driver/Src/stm32f1xx_hal.o
 .debug_macro   0x000177f3       0x8c Drivers/STM32F1xx_HAL_Driver/Src/stm32f1xx_hal.o
 .debug_macro   0x0001787f      0x250 Drivers/STM32F1xx_HAL_Driver/Src/stm32f1xx_hal.o
 .debug_macro   0x00017acf      0x225 Drivers/STM32F1xx_HAL_Driver/Src/stm32f1xx_hal.o
 .debug_macro   0x00017cf4      0x143 Drivers/STM32F1xx_HAL_Driver/Src/stm32f1xx_hal.o
 .debug_macro   0x00017e37      0x1f4 Drivers/STM32F1xx_HAL_Driver/Src/stm32f1xx_hal.o
 .debug_macro   0x0001802b      0x256 Drivers/STM32F1xx_HAL_Driver/Src/stm32f1xx_hal.o
 .debug_macro   0x00018281       0xae Drivers/STM32F1xx_HAL_Driver/Src/stm32f1xx_hal.o
 .debug_macro   0x0001832f      0x2e5 Drivers/STM32F1xx_HAL_Driver/Src/stm32f1xx_hal_cortex.o
 .debug_macro   0x00018614      0x2eb Drivers/STM32F1xx_HAL_Driver/Src/stm32f1xx_hal_dma.o
 .debug_macro   0x000188ff      0x355 Drivers/STM32F1xx_HAL_Driver/Src/stm32f1xx_hal_gpio.o
 .debug_macro   0x00018c54      0x2fb Drivers/STM32F1xx_HAL_Driver/Src/stm32f1xx_hal_i2c.o
 .debug_macro   0x00018f4f      0x309 Drivers/STM32F1xx_HAL_Driver/Src/stm32f1xx_hal_rcc.o
 .debug_macro   0x00019258      0x2ed Drivers/STM32F1xx_HAL_Driver/Src/stm32f1xx_hal_spi.o
 .debug_macro   0x00019545      0x2e5 Drivers/STM32F1xx_HAL_Driver/Src/stm32f1xx_hal_spi_ex.o
 .debug_macro   0x0001982a      0x2e6 Drivers/STM32F1xx_HAL_Driver/Src/stm32f1xx_hal_uart.o
 .debug_macro   0x00019b10      0x2fb Src/A24AA64.o
 .debug_macro   0x00019e0b       0x22 Src/A24AA64.o
 .debug_macro   0x00019e2d       0x34 Src/A24AA64.o
 .debug_macro   0x00019e61       0x3a Src/A24AA64.o
 .debug_macro   0x00019e9b      0x317 Src/Modbus.o
 .debug_macro   0x0001a1b2       0x40 Src/Modbus.o
 .debug_macro   0x0001a1f2       0x1c Src/Modbus.o
 .debug_macro   0x0001a20e      0x330 Src/WIZ5500.o
 .debug_macro   0x0001a53e       0x40 Src/WIZ5500.o
 .debug_macro   0x0001a57e       0x16 Src/WIZ5500.o
 .debug_macro   0x0001a594       0x35 Src/WIZ5500.o
 .debug_macro   0x0001a5c9      0x144 Src/dhcp.o
 .debug_macro   0x0001a70d       0x40 Src/dhcp.o
 .debug_macro   0x0001a74d      0x5d9 Src/dhcp.o
 .debug_macro   0x0001ad26       0x66 Src/dhcp.o
 .debug_macro   0x0001ad8c       0xcd Src/dhcp.o
 .debug_macro   0x0001ae59       0x2e Src/dhcp.o
 .debug_macro   0x0001ae87      0x2ef Src/dma.o
 .debug_macro   0x0001b176      0x2ef Src/gpio.o
 .debug_macro   0x0001b465      0x2f9 Src/i2c.o
 .debug_macro   0x0001b75e      0x383 Src/main.o
 .debug_macro   0x0001bae1       0x46 Src/main.o
 .debug_macro   0x0001bb27       0xd3 Src/main.o
 .debug_macro   0x0001bbfa       0xb7 Src/socket.o
 .debug_macro   0x0001bcb1      0x2f9 Src/spi.o
 .debug_macro   0x0001bfaa      0x2e5 Src/stm32f1xx_hal_msp.o
 .debug_macro   0x0001c28f      0x301 Src/stm32f1xx_it.o
 .debug_macro   0x0001c590      0x2eb Src/system_stm32f1xx.o
 .debug_macro   0x0001c87b      0x303 Src/usart.o
 .debug_macro   0x0001cb7e      0x1e4 Src/w5500.o
 .debug_macro   0x0001cd62       0x52 Src/w5500.o
 .debug_macro   0x0001cdb4       0x8d Src/w5500.o
 .debug_macro   0x0001ce41       0x57 Src/w5500.o
 .debug_macro   0x0001ce98       0x8a Src/wizchip_conf.o

.debug_line     0x00000000     0xfc32
 .debug_line    0x00000000      0x964 Drivers/STM32F1xx_HAL_Driver/Src/stm32f1xx_hal.o
 .debug_line    0x00000964      0x9b0 Drivers/STM32F1xx_HAL_Driver/Src/stm32f1xx_hal_cortex.o
 .debug_line    0x00001314     0x10ad Drivers/STM32F1xx_HAL_Driver/Src/stm32f1xx_hal_dma.o
 .debug_line    0x000023c1      0x9c8 Drivers/STM32F1xx_HAL_Driver/Src/stm32f1xx_hal_gpio.o
 .debug_line    0x00002d89     0x1851 Drivers/STM32F1xx_HAL_Driver/Src/stm32f1xx_hal_i2c.o
 .debug_line    0x000045da      0xcce Drivers/STM32F1xx_HAL_Driver/Src/stm32f1xx_hal_rcc.o
 .debug_line    0x000052a8     0x110e Drivers/STM32F1xx_HAL_Driver/Src/stm32f1xx_hal_spi.o
 .debug_line    0x000063b6      0x84c Drivers/STM32F1xx_HAL_Driver/Src/stm32f1xx_hal_spi_ex.o
 .debug_line    0x00006c02      0xed1 Drivers/STM32F1xx_HAL_Driver/Src/stm32f1xx_hal_uart.o
 .debug_line    0x00007ad3      0x838 Src/A24AA64.o
 .debug_line    0x0000830b      0x93f Src/Modbus.o
 .debug_line    0x00008c4a      0x8bf Src/WIZ5500.o
 .debug_line    0x00009509      0x725 Src/dhcp.o
 .debug_line    0x00009c2e      0x7f7 Src/dma.o
 .debug_line    0x0000a425      0x81c Src/gpio.o
 .debug_line    0x0000ac41      0x866 Src/i2c.o
 .debug_line    0x0000b4a7      0x9de Src/main.o
 .debug_line    0x0000be85      0x6b2 Src/socket.o
 .debug_line    0x0000c537      0x874 Src/spi.o
 .debug_line    0x0000cdab      0x801 Src/stm32f1xx_hal_msp.o
 .debug_line    0x0000d5ac      0x8ea Src/stm32f1xx_it.o
 .debug_line    0x0000de96      0x836 Src/system_stm32f1xx.o
 .debug_line    0x0000e6cc      0x8ca Src/usart.o
 .debug_line    0x0000ef96      0x540 Src/w5500.o
 .debug_line    0x0000f4d6      0x6df Src/wizchip_conf.o
 .debug_line    0x0000fbb5       0x7d startup/startup_stm32f103xe.o

.debug_str      0x00000000    0x993d2
 .debug_str     0x00000000    0x927e3 Drivers/STM32F1xx_HAL_Driver/Src/stm32f1xx_hal.o
                              0x92de7 (size before relaxing)
 .debug_str     0x000927e3      0x2c5 Drivers/STM32F1xx_HAL_Driver/Src/stm32f1xx_hal_cortex.o
                              0x92dd3 (size before relaxing)
 .debug_str     0x00092aa8      0x30e Drivers/STM32F1xx_HAL_Driver/Src/stm32f1xx_hal_dma.o
                              0x9296f (size before relaxing)
 .debug_str     0x00092db6      0x44e Drivers/STM32F1xx_HAL_Driver/Src/stm32f1xx_hal_gpio.o
                              0x92ae6 (size before relaxing)
 .debug_str     0x00093204      0x8ad Drivers/STM32F1xx_HAL_Driver/Src/stm32f1xx_hal_i2c.o
                              0x93126 (size before relaxing)
 .debug_str     0x00093ab1      0x3a1 Drivers/STM32F1xx_HAL_Driver/Src/stm32f1xx_hal_rcc.o
                              0x92b13 (size before relaxing)
 .debug_str     0x00093e52      0x530 Drivers/STM32F1xx_HAL_Driver/Src/stm32f1xx_hal_spi.o
                              0x92db3 (size before relaxing)
 .debug_str     0x00094382       0x54 Drivers/STM32F1xx_HAL_Driver/Src/stm32f1xx_hal_spi_ex.o
                              0x92a38 (size before relaxing)
 .debug_str     0x000943d6      0x4c6 Drivers/STM32F1xx_HAL_Driver/Src/stm32f1xx_hal_uart.o
                              0x92dc2 (size before relaxing)
 .debug_str     0x0009489c      0x148 Src/A24AA64.o
                              0x92b14 (size before relaxing)
 .debug_str     0x000949e4      0x2d3 Src/Modbus.o
                              0x92faf (size before relaxing)
 .debug_str     0x00094cb7      0x1f0 Src/WIZ5500.o
                              0x92ec4 (size before relaxing)
 .debug_str     0x00094ea7     0x3753 Src/dhcp.o
                               0x6cb7 (size before relaxing)
 .debug_str     0x000985fa       0x22 Src/dma.o
                              0x92a1e (size before relaxing)
 .debug_str     0x0009861c       0x2b Src/gpio.o
                              0x92ab9 (size before relaxing)
 .debug_str     0x00098647       0x40 Src/i2c.o
                              0x92adf (size before relaxing)
 .debug_str     0x00098687      0x272 Src/main.o
                              0x96a28 (size before relaxing)
 .debug_str     0x000988f9      0x32b Src/socket.o
                               0x672b (size before relaxing)
 .debug_str     0x00098c24       0x24 Src/spi.o
                              0x92ad1 (size before relaxing)
 .debug_str     0x00098c48       0x1b Src/stm32f1xx_hal_msp.o
                              0x92a5b (size before relaxing)
 .debug_str     0x00098c63      0x12b Src/stm32f1xx_it.o
                              0x92cb1 (size before relaxing)
 .debug_str     0x00098d8e       0x61 Src/system_stm32f1xx.o
                              0x926d9 (size before relaxing)
 .debug_str     0x00098def       0x42 Src/usart.o
                              0x92f2e (size before relaxing)
 .debug_str     0x00098e31       0xa0 Src/w5500.o
                               0xa0c6 (size before relaxing)
 .debug_str     0x00098ed1      0x501 Src/wizchip_conf.o
                               0x65ad (size before relaxing)

.comment        0x00000000       0x7f
 .comment       0x00000000       0x7f Drivers/STM32F1xx_HAL_Driver/Src/stm32f1xx_hal.o
                                 0x80 (size before relaxing)
 .comment       0x0000007f       0x80 Drivers/STM32F1xx_HAL_Driver/Src/stm32f1xx_hal_cortex.o
 .comment       0x0000007f       0x80 Drivers/STM32F1xx_HAL_Driver/Src/stm32f1xx_hal_dma.o
 .comment       0x0000007f       0x80 Drivers/STM32F1xx_HAL_Driver/Src/stm32f1xx_hal_gpio.o
 .comment       0x0000007f       0x80 Drivers/STM32F1xx_HAL_Driver/Src/stm32f1xx_hal_i2c.o
 .comment       0x0000007f       0x80 Drivers/STM32F1xx_HAL_Driver/Src/stm32f1xx_hal_rcc.o
 .comment       0x0000007f       0x80 Drivers/STM32F1xx_HAL_Driver/Src/stm32f1xx_hal_spi.o
 .comment       0x0000007f       0x80 Drivers/STM32F1xx_HAL_Driver/Src/stm32f1xx_hal_spi_ex.o
 .comment       0x0000007f       0x80 Drivers/STM32F1xx_HAL_Driver/Src/stm32f1xx_hal_uart.o
 .comment       0x0000007f       0x80 Src/A24AA64.o
 .comment       0x0000007f       0x80 Src/Modbus.o
 .comment       0x0000007f       0x80 Src/WIZ5500.o
 .comment       0x0000007f       0x80 Src/dhcp.o
 .comment       0x0000007f       0x80 Src/dma.o
 .comment       0x0000007f       0x80 Src/gpio.o
 .comment       0x0000007f       0x80 Src/i2c.o
 .comment       0x0000007f       0x80 Src/main.o
 .comment       0x0000007f       0x80 Src/socket.o
 .comment       0x0000007f       0x80 Src/spi.o
 .comment       0x0000007f       0x80 Src/stm32f1xx_hal_msp.o
 .comment       0x0000007f       0x80 Src/stm32f1xx_it.o
 .comment       0x0000007f       0x80 Src/system_stm32f1xx.o
 .comment       0x0000007f       0x80 Src/usart.o
 .comment       0x0000007f       0x80 Src/w5500.o
 .comment       0x0000007f       0x80 Src/wizchip_conf.o

.debug_frame    0x00000000     0x233c
 .debug_frame   0x00000000      0x168 Drivers/STM32F1xx_HAL_Driver/Src/stm32f1xx_hal.o
 .debug_frame   0x00000168      0x12c Drivers/STM32F1xx_HAL_Driver/Src/stm32f1xx_hal_cortex.o
 .debug_frame   0x00000294      0x104 Drivers/STM32F1xx_HAL_Driver/Src/stm32f1xx_hal_dma.o
 .debug_frame   0x00000398       0xe4 Drivers/STM32F1xx_HAL_Driver/Src/stm32f1xx_hal_gpio.o
 .debug_frame   0x0000047c      0x738 Drivers/STM32F1xx_HAL_Driver/Src/stm32f1xx_hal_i2c.o
 .debug_frame   0x00000bb4      0x154 Drivers/STM32F1xx_HAL_Driver/Src/stm32f1xx_hal_rcc.o
 .debug_frame   0x00000d08      0x3ec Drivers/STM32F1xx_HAL_Driver/Src/stm32f1xx_hal_spi.o
 .debug_frame   0x000010f4       0x3c Drivers/STM32F1xx_HAL_Driver/Src/stm32f1xx_hal_spi_ex.o
 .debug_frame   0x00001130      0x388 Drivers/STM32F1xx_HAL_Driver/Src/stm32f1xx_hal_uart.o
 .debug_frame   0x000014b8       0x60 Src/A24AA64.o
 .debug_frame   0x00001518       0x78 Src/Modbus.o
 .debug_frame   0x00001590       0x68 Src/WIZ5500.o
 .debug_frame   0x000015f8      0x228 Src/dhcp.o
 .debug_frame   0x00001820       0x2c Src/dma.o
 .debug_frame   0x0000184c       0x3c Src/gpio.o
 .debug_frame   0x00001888       0x78 Src/i2c.o
 .debug_frame   0x00001900       0xf8 Src/main.o
 .debug_frame   0x000019f8      0x28c Src/socket.o
 .debug_frame   0x00001c84       0x78 Src/spi.o
 .debug_frame   0x00001cfc       0x2c Src/stm32f1xx_hal_msp.o
 .debug_frame   0x00001d28      0x110 Src/stm32f1xx_it.o
 .debug_frame   0x00001e38       0x30 Src/system_stm32f1xx.o
 .debug_frame   0x00001e68       0x94 Src/usart.o
 .debug_frame   0x00001efc      0x130 Src/w5500.o
 .debug_frame   0x0000202c      0x2e4 Src/wizchip_conf.o
 .debug_frame   0x00002310       0x2c c:/ac6/systemworkbench/plugins/fr.ac6.mcu.externaltools.arm-none.win32_1.15.0.201708311556/tools/compiler/bin/../lib/gcc/arm-none-eabi/6.3.1/../../../../arm-none-eabi/lib/thumb/v7-m\libc_nano.a(lib_a-init.o)
